Archive member included because of file (symbol)

/opt/microchip/xc32/v1.32/bin/bin/../../lib/gcc/pic32mx/4.5.2/../../../../pic32mx/lib/size/libmchp_peripheral_32MX150F128B.a(osc_config_lib.o)
                              build/default/production/newmain.o (OSCConfig)
/opt/microchip/xc32/v1.32/bin/bin/../../lib/gcc/pic32mx/4.5.2/../../../../pic32mx/lib/size/libmchp_peripheral_32MX150F128B.a(int_disable_interrupts_lib.o)
                              /opt/microchip/xc32/v1.32/bin/bin/../../lib/gcc/pic32mx/4.5.2/../../../../pic32mx/lib/size/libmchp_peripheral_32MX150F128B.a(osc_config_lib.o) (INTDisableInterrupts)
/opt/microchip/xc32/v1.32/bin/bin/../../lib/gcc/pic32mx/4.5.2/../../../../pic32mx/lib/size/libmchp_peripheral_32MX150F128B.a(int_restore_interrupts_lib.o)
                              /opt/microchip/xc32/v1.32/bin/bin/../../lib/gcc/pic32mx/4.5.2/../../../../pic32mx/lib/size/libmchp_peripheral_32MX150F128B.a(osc_config_lib.o) (INTRestoreInterrupts)
/opt/microchip/xc32/v1.32/bin/bin/../../lib/gcc/pic32mx/4.5.2/../../../../pic32mx/lib/size/libmchp_peripheral_32MX150F128B.a(int_enable_mv_int_lib.o)
                              build/default/production/composite32-high4.o (INTEnableSystemMultiVectoredInt)
/opt/microchip/xc32/v1.32/bin/bin/../../lib/gcc/pic32mx/4.5.2/../../../../pic32mx/lib/size/libmchp_peripheral_32MX150F128B.a(spi_getc_spi2_lib_legacy.o)
                              build/default/production/mmc_xmega.o (getcSPI2)
/opt/microchip/xc32/v1.32/bin/bin/../../lib/gcc/pic32mx/4.5.2/../../../../pic32mx/lib/size/libmchp_peripheral_32MX150F128B.a(spi_open_spi2_lib_legacy.o)
                              build/default/production/mmc_xmega.o (OpenSPI2)
/opt/microchip/xc32/v1.32/bin/bin/../../lib/gcc/pic32mx/4.5.2/../../../../pic32mx/lib/size/libmchp_peripheral_32MX150F128B.a(spi_brg_tbl_lib_legacy.o)
                              /opt/microchip/xc32/v1.32/bin/bin/../../lib/gcc/pic32mx/4.5.2/../../../../pic32mx/lib/size/libmchp_peripheral_32MX150F128B.a(spi_open_spi2_lib_legacy.o) (_SpiBrgConvTbl)
/opt/microchip/xc32/v1.32/bin/bin/../../lib/gcc/pic32mx/4.5.2/../../../../pic32mx/lib/size/libmchp_peripheral_32MX150F128B.a(dma_chn_clr_ev_flags_lib.o)
                              build/default/production/newmain.o (DmaChnClrEvFlags)
/opt/microchip/xc32/v1.32/bin/bin/../../lib/gcc/pic32mx/4.5.2/../../../../pic32mx/lib/size/libmchp_peripheral_32MX150F128B.a(dma_chn_open_lib.o)
                              build/default/production/newmain.o (DmaChnOpen)
/opt/microchip/xc32/v1.32/bin/bin/../../lib/gcc/pic32mx/4.5.2/../../../../pic32mx/lib/size/libmchp_peripheral_32MX150F128B.a(dma_chn_enable_lib.o)
                              build/default/production/newmain.o (DmaChnEnable)
/opt/microchip/xc32/v1.32/bin/bin/../../lib/gcc/pic32mx/4.5.2/../../../../pic32mx/lib/size/libmchp_peripheral_32MX150F128B.a(dma_chn_get_ev_flags_lib.o)
                              build/default/production/newmain.o (DmaChnGetEvFlags)
/opt/microchip/xc32/v1.32/bin/bin/../../lib/gcc/pic32mx/4.5.2/../../../../pic32mx/lib/size/libmchp_peripheral_32MX150F128B.a(dma_chn_write_event_control_flags_lib.o)
                              build/default/production/newmain.o (DmaChnWriteEventControlFlags)
/opt/microchip/xc32/v1.32/bin/bin/../../lib/gcc/pic32mx/4.5.2/../../../../pic32mx/lib/size/libmchp_peripheral_32MX150F128B.a(dma_chn_set_txfer_lib.o)
                              build/default/production/newmain.o (DmaChnSetTxfer)
/opt/microchip/xc32/v1.32/bin/bin/../../lib/gcc/pic32mx/4.5.2/../../../../pic32mx/lib/size/libmchp_peripheral_32MX150F128B.a(dma_chn_start_txfer_lib.o)
                              build/default/production/mmc_xmega.o (DmaChnStartTxfer)
/opt/microchip/xc32/v1.32/bin/bin/../../lib/gcc/pic32mx/4.5.2/../../../../pic32mx/lib/size/libmchp_peripheral_32MX150F128B.a(dma_reg_map_tbl_lib.o)
                              /opt/microchip/xc32/v1.32/bin/bin/../../lib/gcc/pic32mx/4.5.2/../../../../pic32mx/lib/size/libmchp_peripheral_32MX150F128B.a(dma_chn_clr_ev_flags_lib.o) (_DmaMapTbl)
/opt/microchip/xc32/v1.32/bin/bin/../../lib/gcc/pic32mx/4.5.2/../../../../pic32mx/lib/size/libmchp_peripheral_32MX150F128B.a(int_enable_interrupts_lib.o)
                              /opt/microchip/xc32/v1.32/bin/bin/../../lib/gcc/pic32mx/4.5.2/../../../../pic32mx/lib/size/libmchp_peripheral_32MX150F128B.a(int_enable_mv_int_lib.o) (INTEnableInterrupts)
/opt/microchip/xc32/v1.32/bin/bin/../../lib/gcc/pic32mx/4.5.2/../../../../pic32mx/lib/size/libmchp_peripheral_32MX150F128B.a(int_tbl_lib.o)
                              /opt/microchip/xc32/v1.32/bin/bin/../../lib/gcc/pic32mx/4.5.2/../../../../pic32mx/lib/size/libmchp_peripheral_32MX150F128B.a(dma_chn_open_lib.o) (INTClearFlag)
/opt/microchip/xc32/v1.32/bin/bin/../../lib/gcc/pic32mx/4.5.2/../../../../pic32mx/lib/size/libpic32.a(default-bootstrap-exception-handler.o)
[...]
Memory Configuration

Name             Origin             Length             Attributes
kseg0_program_mem 0x9d007490         0x00038b70         xr
exception_mem    0x9d006000         0x00001000
debug_exec_mem   0x9fc00490         0x00000760
kseg0_boot_mem   0x9d006000         0x00000000
kseg1_boot_mem   0x9d007000         0x00000490
config3          0xbfc00bf0         0x00000004
config2          0xbfc00bf4         0x00000004
config1          0xbfc00bf8         0x00000004
config0          0xbfc00bfc         0x00000004
kseg1_data_mem   0xa0000000         0x00010000         w !x
sfrs             0xbf800000         0x00100000
configsfrs       0xbfc00bf0         0x00000010
*default*        0x00000000         0xffffffff

Linker script and memory map

LOAD /opt/microchip/xc32/v1.32/bin/bin/../../lib/gcc/pic32mx/4.5.2/../../../../pic32mx/lib/./proc/32MX270F256B/crt0_mips32r2.o
LOAD /opt/microchip/xc32/v1.32/bin/bin/../../lib/gcc/pic32mx/4.5.2/../../../../pic32mx/lib/size/debug-exception-return.o
LOAD build/default/production/newmain.o
LOAD build/default/production/ff.o
LOAD build/default/production/mmc_xmega.o
LOAD build/default/production/composite32-high4.o
                0x00000001                __MPLAB_BUILD = 0x1
                0x00000400                PROVIDE (_min_stack_size, 0x400)
LOAD /opt/microchip/xc32/v1.32/bin/bin/../../lib/gcc/pic32mx/4.5.2/../../../../pic32mx/lib/./proc/32MX270F256B/processor.o
START GROUP
LOAD /opt/microchip/xc32/v1.32/bin/bin/../../lib/gcc/pic32mx/4.5.2/../../../../pic32mx/lib/size/libmchp_peripheral.a
END GROUP
START GROUP
LOAD /opt/microchip/xc32/v1.32/bin/bin/../../lib/gcc/pic32mx/4.5.2/../../../../pic32mx/lib/size/libmchp_peripheral_32MX150F128B.a
END GROUP
                0x00000001                PROVIDE (_vector_spacing, 0x1)
                0x9d006000                _ebase_address = 0x9d006000
                0x9d007000                _RESET_ADDR = 0x9d007000
                0x9d007380                _BEV_EXCPT_ADDR = 0x9d007380
                0x9d007480                _DBG_EXCPT_ADDR = 0x9d007480
                0x9fc00490                _DBG_CODE_ADDR = 0x9fc00490
                0x00000760                _DBG_CODE_SIZE = 0x760
                0x9d006180                _GEN_EXCPT_ADDR = (_ebase_address + 0x180)

.config_BFC00BF0
                0xbfc00bf0        0x4
 *(.config_BFC00BF0)
 .config_BFC00BF0
                0xbfc00bf0        0x4 build/default/production/newmain.o

.config_BFC00BF4
                0xbfc00bf4        0x4
 *(.config_BFC00BF4)
 .config_BFC00BF4
                0xbfc00bf4        0x4 build/default/production/newmain.o

.config_BFC00BF8
                0xbfc00bf8        0x4
 *(.config_BFC00BF8)
 .config_BFC00BF8
                0xbfc00bf8        0x4 build/default/production/newmain.o

.config_BFC00BFC
                0xbfc00bfc        0x4
 *(.config_BFC00BFC)
 .config_BFC00BFC
                0xbfc00bfc        0x4 build/default/production/newmain.o

.reset          0x9d007000      0x1c4
 *(.reset)
 .reset         0x9d007000      0x1c4 /opt/microchip/xc32/v1.32/bin/bin/../../lib/gcc/pic32mx/4.5.2/../../../../pic32mx/lib/./proc/32MX270F256B/crt0_mips32r2.o
                0x9d007000                _reset
 *(.reset.startup)

.bev_excpt      0x9d007380       0x10
 *(.bev_handler)
 .bev_handler   0x9d007380       0x10 /opt/microchip/xc32/v1.32/bin/bin/../../lib/gcc/pic32mx/4.5.2/../../../../pic32mx/lib/./proc/32MX270F256B/crt0_mips32r2.o

.dbg_excpt      0x9d007480        0x0
                0x9d007480                . = (. + DEFINED (_DEBUGGER)?0x8:0x0)

.dbg_code       0x9fc00490        0x0
                0x9fc00490                . = (. + DEFINED (_DEBUGGER)?_DBG_CODE_SIZE:0x0)

.app_excpt      0x9d006180       0x10
 *(.gen_handler)
 .gen_handler   0x9d006180       0x10 /opt/microchip/xc32/v1.32/bin/bin/../../lib/gcc/pic32mx/4.5.2/../../../../pic32mx/lib/./proc/32MX270F256B/crt0_mips32r2.o

.vector_0       0x9d006200        0x8
 *(.vector_0)
 .vector_0      0x9d006200        0x8 /opt/microchip/xc32/v1.32/bin/bin/../../lib/gcc/pic32mx/4.5.2/../../../../pic32mx/lib/size/libpic32.a(vector0.o)
                0x9d006200                __vector_dispatch_0
                0x00000001                ASSERT (((_vector_spacing == 0x0) || (SIZEOF (.vector_0) <= (_vector_spacing << 0x5))), function at exception vector 0 too large)

.vector_1       0x9d006220        0x8
 *(.vector_1)
 .vector_1      0x9d006220        0x8 /opt/microchip/xc32/v1.32/bin/bin/../../lib/gcc/pic32mx/4.5.2/../../../../pic32mx/lib/size/libpic32.a(vector1.o)
                0x9d006220                __vector_dispatch_1
                0x00000001                ASSERT (((_vector_spacing == 0x0) || (SIZEOF (.vector_1) <= (_vector_spacing << 0x5))), function at exception vector 1 too large)

.vector_2       0x9d006240        0x8
 *(.vector_2)
 .vector_2      0x9d006240        0x8 /opt/microchip/xc32/v1.32/bin/bin/../../lib/gcc/pic32mx/4.5.2/../../../../pic32mx/lib/size/libpic32.a(vector2.o)
                0x9d006240                __vector_dispatch_2
                0x00000001                ASSERT (((_vector_spacing == 0x0) || (SIZEOF (.vector_2) <= (_vector_spacing << 0x5))), function at exception vector 2 too large)

.vector_3       0x9d006260        0x8
 *(.vector_3)
 .vector_3      0x9d006260        0x8 /opt/microchip/xc32/v1.32/bin/bin/../../lib/gcc/pic32mx/4.5.2/../../../../pic32mx/lib/size/libpic32.a(vector3.o)
                0x9d006260                __vector_dispatch_3
                0x00000001                ASSERT (((_vector_spacing == 0x0) || (SIZEOF (.vector_3) <= (_vector_spacing << 0x5))), function at exception vector 3 too large)

.vector_4       0x9d006280        0x8
 *(.vector_4)
 .vector_4      0x9d006280        0x8 /opt/microchip/xc32/v1.32/bin/bin/../../lib/gcc/pic32mx/4.5.2/../../../../pic32mx/lib/size/libpic32.a(vector4.o)
                0x9d006280                __vector_dispatch_4
                0x00000001                ASSERT (((_vector_spacing == 0x0) || (SIZEOF (.vector_4) <= (_vector_spacing << 0x5))), function at exception vector 4 too large)

.vector_5       0x9d0062a0        0x8
 *(.vector_5)
 .vector_5      0x9d0062a0        0x8 /opt/microchip/xc32/v1.32/bin/bin/../../lib/gcc/pic32mx/4.5.2/../../../../pic32mx/lib/size/libpic32.a(vector5.o)
                0x9d0062a0                __vector_dispatch_5
                0x00000001                ASSERT (((_vector_spacing == 0x0) || (SIZEOF (.vector_5) <= (_vector_spacing << 0x5))), function at exception vector 5 too large)

.vector_6       0x9d0062c0        0x8
 *(.vector_6)
 .vector_6      0x9d0062c0        0x8 build/default/production/composite32-high4.o
                0x9d0062c0                __vector_dispatch_6
                0x00000001                ASSERT (((_vector_spacing == 0x0) || (SIZEOF (.vector_6) <= (_vector_spacing << 0x5))), function at exception vector 6 too large)

.vector_7       0x9d0062e0        0x8
 *(.vector_7)
 .vector_7      0x9d0062e0        0x8 /opt/microchip/xc32/v1.32/bin/bin/../../lib/gcc/pic32mx/4.5.2/../../../../pic32mx/lib/size/libpic32.a(vector7.o)
                0x9d0062e0                __vector_dispatch_7
                0x00000001                ASSERT (((_vector_spacing == 0x0) || (SIZEOF (.vector_7) <= (_vector_spacing << 0x5))), function at exception vector 7 too large)

.vector_8       0x9d006300        0x8
 *(.vector_8)
 .vector_8      0x9d006300        0x8 build/default/production/composite32-high4.o
                0x9d006300                __vector_dispatch_8
                0x00000001                ASSERT (((_vector_spacing == 0x0) || (SIZEOF (.vector_8) <= (_vector_spacing << 0x5))), function at exception vector 8 too large)

.vector_9       0x9d006320        0x8
 *(.vector_9)
 .vector_9      0x9d006320        0x8 /opt/microchip/xc32/v1.32/bin/bin/../../lib/gcc/pic32mx/4.5.2/../../../../pic32mx/lib/size/libpic32.a(vector9.o)
                0x9d006320                __vector_dispatch_9
                0x00000001                ASSERT (((_vector_spacing == 0x0) || (SIZEOF (.vector_9) <= (_vector_spacing << 0x5))), function at exception vector 9 too large)

.vector_10      0x9d006340        0x8
 *(.vector_10)
 .vector_10     0x9d006340        0x8 build/default/production/composite32-high4.o
                0x9d006340                __vector_dispatch_10
                0x00000001                ASSERT (((_vector_spacing == 0x0) || (SIZEOF (.vector_10) <= (_vector_spacing << 0x5))), function at exception vector 10 too large)

.vector_11      0x9d006360        0x8
 *(.vector_11)
 .vector_11     0x9d006360        0x8 /opt/microchip/xc32/v1.32/bin/bin/../../lib/gcc/pic32mx/4.5.2/../../../../pic32mx/lib/size/libpic32.a(vector11.o)
                0x9d006360                __vector_dispatch_11
                0x00000001                ASSERT (((_vector_spacing == 0x0) || (SIZEOF (.vector_11) <= (_vector_spacing << 0x5))), function at exception vector 11 too large)

.vector_12      0x9d006380        0x8
 *(.vector_12)
 .vector_12     0x9d006380        0x8 /opt/microchip/xc32/v1.32/bin/bin/../../lib/gcc/pic32mx/4.5.2/../../../../pic32mx/lib/size/libpic32.a(vector12.o)
                0x9d006380                __vector_dispatch_12
                0x00000001                ASSERT (((_vector_spacing == 0x0) || (SIZEOF (.vector_12) <= (_vector_spacing << 0x5))), function at exception vector 12 too large)

.vector_13      0x9d0063a0        0x8
 *(.vector_13)
 .vector_13     0x9d0063a0        0x8 /opt/microchip/xc32/v1.32/bin/bin/../../lib/gcc/pic32mx/4.5.2/../../../../pic32mx/lib/size/libpic32.a(vector13.o)
                0x9d0063a0                __vector_dispatch_13
                0x00000001                ASSERT (((_vector_spacing == 0x0) || (SIZEOF (.vector_13) <= (_vector_spacing << 0x5))), function at exception vector 13 too large)

.vector_14      0x9d0063c0        0x8
 *(.vector_14)
 .vector_14     0x9d0063c0        0x8 build/default/production/composite32-high4.o
                0x9d0063c0                __vector_dispatch_14
                0x00000001                ASSERT (((_vector_spacing == 0x0) || (SIZEOF (.vector_14) <= (_vector_spacing << 0x5))), function at exception vector 14 too large)

.vector_15      0x9d0063e0        0x8
 *(.vector_15)
 .vector_15     0x9d0063e0        0x8 /opt/microchip/xc32/v1.32/bin/bin/../../lib/gcc/pic32mx/4.5.2/../../../../pic32mx/lib/size/libpic32.a(vector15.o)
                0x9d0063e0                __vector_dispatch_15
                0x00000001                ASSERT (((_vector_spacing == 0x0) || (SIZEOF (.vector_15) <= (_vector_spacing << 0x5))), function at exception vector 15 too large)

.vector_16      0x9d006400        0x8
 *(.vector_16)
 .vector_16     0x9d006400        0x8 /opt/microchip/xc32/v1.32/bin/bin/../../lib/gcc/pic32mx/4.5.2/../../../../pic32mx/lib/size/libpic32.a(vector16.o)
                0x9d006400                __vector_dispatch_16
                0x00000001                ASSERT (((_vector_spacing == 0x0) || (SIZEOF (.vector_16) <= (_vector_spacing << 0x5))), function at exception vector 16 too large)

.vector_17      0x9d006420        0x8
 *(.vector_17)
 .vector_17     0x9d006420        0x8 /opt/microchip/xc32/v1.32/bin/bin/../../lib/gcc/pic32mx/4.5.2/../../../../pic32mx/lib/size/libpic32.a(vector17.o)
                0x9d006420                __vector_dispatch_17
                0x00000001                ASSERT (((_vector_spacing == 0x0) || (SIZEOF (.vector_17) <= (_vector_spacing << 0x5))), function at exception vector 17 too large)

.vector_18      0x9d006440        0x8
 *(.vector_18)
 .vector_18     0x9d006440        0x8 /opt/microchip/xc32/v1.32/bin/bin/../../lib/gcc/pic32mx/4.5.2/../../../../pic32mx/lib/size/libpic32.a(vector18.o)
                0x9d006440                __vector_dispatch_18
                0x00000001                ASSERT (((_vector_spacing == 0x0) || (SIZEOF (.vector_18) <= (_vector_spacing << 0x5))), function at exception vector 18 too large)

.vector_19      0x9d006460        0x8
 *(.vector_19)
 .vector_19     0x9d006460        0x8 /opt/microchip/xc32/v1.32/bin/bin/../../lib/gcc/pic32mx/4.5.2/../../../../pic32mx/lib/size/libpic32.a(vector19.o)
                0x9d006460                __vector_dispatch_19
                0x00000001                ASSERT (((_vector_spacing == 0x0) || (SIZEOF (.vector_19) <= (_vector_spacing << 0x5))), function at exception vector 19 too large)

.vector_20      0x9d006480        0x8
 *(.vector_20)
 .vector_20     0x9d006480        0x8 /opt/microchip/xc32/v1.32/bin/bin/../../lib/gcc/pic32mx/4.5.2/../../../../pic32mx/lib/size/libpic32.a(vector20.o)
                0x9d006480                __vector_dispatch_20
                0x00000001                ASSERT (((_vector_spacing == 0x0) || (SIZEOF (.vector_20) <= (_vector_spacing << 0x5))), function at exception vector 20 too large)

.vector_21      0x9d0064a0        0x8
 *(.vector_21)
 .vector_21     0x9d0064a0        0x8 /opt/microchip/xc32/v1.32/bin/bin/../../lib/gcc/pic32mx/4.5.2/../../../../pic32mx/lib/size/libpic32.a(vector21.o)
                0x9d0064a0                __vector_dispatch_21
                0x00000001                ASSERT (((_vector_spacing == 0x0) || (SIZEOF (.vector_21) <= (_vector_spacing << 0x5))), function at exception vector 21 too large)

.vector_22      0x9d0064c0        0x8
 *(.vector_22)
 .vector_22     0x9d0064c0        0x8 /opt/microchip/xc32/v1.32/bin/bin/../../lib/gcc/pic32mx/4.5.2/../../../../pic32mx/lib/size/libpic32.a(vector22.o)
                0x9d0064c0                __vector_dispatch_22
                0x00000001                ASSERT (((_vector_spacing == 0x0) || (SIZEOF (.vector_22) <= (_vector_spacing << 0x5))), function at exception vector 22 too large)

.vector_23      0x9d0064e0        0x8
 *(.vector_23)
 .vector_23     0x9d0064e0        0x8 /opt/microchip/xc32/v1.32/bin/bin/../../lib/gcc/pic32mx/4.5.2/../../../../pic32mx/lib/size/libpic32.a(vector23.o)
                0x9d0064e0                __vector_dispatch_23
                0x00000001                ASSERT (((_vector_spacing == 0x0) || (SIZEOF (.vector_23) <= (_vector_spacing << 0x5))), function at exception vector 23 too large)

.vector_24      0x9d006500        0x8
 *(.vector_24)
 .vector_24     0x9d006500        0x8 /opt/microchip/xc32/v1.32/bin/bin/../../lib/gcc/pic32mx/4.5.2/../../../../pic32mx/lib/size/libpic32.a(vector24.o)
                0x9d006500                __vector_dispatch_24
                0x00000001                ASSERT (((_vector_spacing == 0x0) || (SIZEOF (.vector_24) <= (_vector_spacing << 0x5))), function at exception vector 24 too large)

.vector_25      0x9d006520        0x8
 *(.vector_25)
 .vector_25     0x9d006520        0x8 /opt/microchip/xc32/v1.32/bin/bin/../../lib/gcc/pic32mx/4.5.2/../../../../pic32mx/lib/size/libpic32.a(vector25.o)
                0x9d006520                __vector_dispatch_25
                0x00000001                ASSERT (((_vector_spacing == 0x0) || (SIZEOF (.vector_25) <= (_vector_spacing << 0x5))), function at exception vector 25 too large)

.vector_26      0x9d006540        0x8
 *(.vector_26)
 .vector_26     0x9d006540        0x8 /opt/microchip/xc32/v1.32/bin/bin/../../lib/gcc/pic32mx/4.5.2/../../../../pic32mx/lib/size/libpic32.a(vector26.o)
                0x9d006540                __vector_dispatch_26
                0x00000001                ASSERT (((_vector_spacing == 0x0) || (SIZEOF (.vector_26) <= (_vector_spacing << 0x5))), function at exception vector 26 too large)

.vector_27      0x9d006560        0x8
 *(.vector_27)
 .vector_27     0x9d006560        0x8 /opt/microchip/xc32/v1.32/bin/bin/../../lib/gcc/pic32mx/4.5.2/../../../../pic32mx/lib/size/libpic32.a(vector27.o)
                0x9d006560                __vector_dispatch_27
                0x00000001                ASSERT (((_vector_spacing == 0x0) || (SIZEOF (.vector_27) <= (_vector_spacing << 0x5))), function at exception vector 27 too large)

.vector_28      0x9d006580        0x8
 *(.vector_28)
 .vector_28     0x9d006580        0x8 /opt/microchip/xc32/v1.32/bin/bin/../../lib/gcc/pic32mx/4.5.2/../../../../pic32mx/lib/size/libpic32.a(vector28.o)
                0x9d006580                __vector_dispatch_28
                0x00000001                ASSERT (((_vector_spacing == 0x0) || (SIZEOF (.vector_28) <= (_vector_spacing << 0x5))), function at exception vector 28 too large)

.vector_29      0x9d0065a0        0x8
 *(.vector_29)
 .vector_29     0x9d0065a0        0x8 /opt/microchip/xc32/v1.32/bin/bin/../../lib/gcc/pic32mx/4.5.2/../../../../pic32mx/lib/size/libpic32.a(vector29.o)
                0x9d0065a0                __vector_dispatch_29
                0x00000001                ASSERT (((_vector_spacing == 0x0) || (SIZEOF (.vector_29) <= (_vector_spacing << 0x5))), function at exception vector 29 too large)

.vector_30      0x9d0065c0        0x8
 *(.vector_30)
 .vector_30     0x9d0065c0        0x8 /opt/microchip/xc32/v1.32/bin/bin/../../lib/gcc/pic32mx/4.5.2/../../../../pic32mx/lib/size/libpic32.a(vector30.o)
                0x9d0065c0                __vector_dispatch_30
                0x00000001                ASSERT (((_vector_spacing == 0x0) || (SIZEOF (.vector_30) <= (_vector_spacing << 0x5))), function at exception vector 30 too large)

.vector_31      0x9d0065e0        0x8
 *(.vector_31)
 .vector_31     0x9d0065e0        0x8 /opt/microchip/xc32/v1.32/bin/bin/../../lib/gcc/pic32mx/4.5.2/../../../../pic32mx/lib/size/libpic32.a(vector31.o)
                0x9d0065e0                __vector_dispatch_31
                0x00000001                ASSERT (((_vector_spacing == 0x0) || (SIZEOF (.vector_31) <= (_vector_spacing << 0x5))), function at exception vector 31 too large)

.vector_32      0x9d006600        0x8
 *(.vector_32)
 .vector_32     0x9d006600        0x8 /opt/microchip/xc32/v1.32/bin/bin/../../lib/gcc/pic32mx/4.5.2/../../../../pic32mx/lib/size/libpic32.a(vector32.o)
                0x9d006600                __vector_dispatch_32
                0x00000001                ASSERT (((_vector_spacing == 0x0) || (SIZEOF (.vector_32) <= (_vector_spacing << 0x5))), function at exception vector 32 too large)

.vector_33      0x9d006620        0x8
 *(.vector_33)
 .vector_33     0x9d006620        0x8 /opt/microchip/xc32/v1.32/bin/bin/../../lib/gcc/pic32mx/4.5.2/../../../../pic32mx/lib/size/libpic32.a(vector33.o)
                0x9d006620                __vector_dispatch_33
                0x00000001                ASSERT (((_vector_spacing == 0x0) || (SIZEOF (.vector_33) <= (_vector_spacing << 0x5))), function at exception vector 33 too large)

.vector_34      0x9d006640        0x8
 *(.vector_34)
 .vector_34     0x9d006640        0x8 /opt/microchip/xc32/v1.32/bin/bin/../../lib/gcc/pic32mx/4.5.2/../../../../pic32mx/lib/size/libpic32.a(vector34.o)
                0x9d006640                __vector_dispatch_34
                0x00000001                ASSERT (((_vector_spacing == 0x0) || (SIZEOF (.vector_34) <= (_vector_spacing << 0x5))), function at exception vector 34 too large)

.vector_35      0x9d006660        0x8
 *(.vector_35)
 .vector_35     0x9d006660        0x8 /opt/microchip/xc32/v1.32/bin/bin/../../lib/gcc/pic32mx/4.5.2/../../../../pic32mx/lib/size/libpic32.a(vector35.o)
                0x9d006660                __vector_dispatch_35
                0x00000001                ASSERT (((_vector_spacing == 0x0) || (SIZEOF (.vector_35) <= (_vector_spacing << 0x5))), function at exception vector 35 too large)

.vector_36      0x9d006680        0x8
 *(.vector_36)
 .vector_36     0x9d006680        0x8 /opt/microchip/xc32/v1.32/bin/bin/../../lib/gcc/pic32mx/4.5.2/../../../../pic32mx/lib/size/libpic32.a(vector36.o)
                0x9d006680                __vector_dispatch_36
                0x00000001                ASSERT (((_vector_spacing == 0x0) || (SIZEOF (.vector_36) <= (_vector_spacing << 0x5))), function at exception vector 36 too large)

.vector_37      0x9d0066a0        0x8
 *(.vector_37)
 .vector_37     0x9d0066a0        0x8 /opt/microchip/xc32/v1.32/bin/bin/../../lib/gcc/pic32mx/4.5.2/../../../../pic32mx/lib/size/libpic32.a(vector37.o)
                0x9d0066a0                __vector_dispatch_37
                0x00000001                ASSERT (((_vector_spacing == 0x0) || (SIZEOF (.vector_37) <= (_vector_spacing << 0x5))), function at exception vector 37 too large)

.vector_38      0x9d0066c0        0x8
 *(.vector_38)
 .vector_38     0x9d0066c0        0x8 /opt/microchip/xc32/v1.32/bin/bin/../../lib/gcc/pic32mx/4.5.2/../../../../pic32mx/lib/size/libpic32.a(vector38.o)
                0x9d0066c0                __vector_dispatch_38
                0x00000001                ASSERT (((_vector_spacing == 0x0) || (SIZEOF (.vector_38) <= (_vector_spacing << 0x5))), function at exception vector 38 too large)

.vector_39      0x9d0066e0        0x8
 *(.vector_39)
 .vector_39     0x9d0066e0        0x8 /opt/microchip/xc32/v1.32/bin/bin/../../lib/gcc/pic32mx/4.5.2/../../../../pic32mx/lib/size/libpic32.a(vector39.o)
                0x9d0066e0                __vector_dispatch_39
                0x00000001                ASSERT (((_vector_spacing == 0x0) || (SIZEOF (.vector_39) <= (_vector_spacing << 0x5))), function at exception vector 39 too large)

.vector_40      0x9d006700        0x8
 *(.vector_40)
 .vector_40     0x9d006700        0x8 /opt/microchip/xc32/v1.32/bin/bin/../../lib/gcc/pic32mx/4.5.2/../../../../pic32mx/lib/size/libpic32.a(vector40.o)
                0x9d006700                __vector_dispatch_40
                0x00000001                ASSERT (((_vector_spacing == 0x0) || (SIZEOF (.vector_40) <= (_vector_spacing << 0x5))), function at exception vector 40 too large)

.vector_41      0x9d006720        0x8
 *(.vector_41)
 .vector_41     0x9d006720        0x8 /opt/microchip/xc32/v1.32/bin/bin/../../lib/gcc/pic32mx/4.5.2/../../../../pic32mx/lib/size/libpic32.a(vector41.o)
                0x9d006720                __vector_dispatch_41
                0x00000001                ASSERT (((_vector_spacing == 0x0) || (SIZEOF (.vector_41) <= (_vector_spacing << 0x5))), function at exception vector 41 too large)

.vector_42      0x9d006740        0x8
 *(.vector_42)
 .vector_42     0x9d006740        0x8 /opt/microchip/xc32/v1.32/bin/bin/../../lib/gcc/pic32mx/4.5.2/../../../../pic32mx/lib/size/libpic32.a(vector42.o)
                0x9d006740                __vector_dispatch_42
                0x00000001                ASSERT (((_vector_spacing == 0x0) || (SIZEOF (.vector_42) <= (_vector_spacing << 0x5))), function at exception vector 42 too large)

.vector_43      0x9d006760        0x8
 *(.vector_43)
 .vector_43     0x9d006760        0x8 /opt/microchip/xc32/v1.32/bin/bin/../../lib/gcc/pic32mx/4.5.2/../../../../pic32mx/lib/size/libpic32.a(vector43.o)
                0x9d006760                __vector_dispatch_43
                0x00000001                ASSERT (((_vector_spacing == 0x0) || (SIZEOF (.vector_43) <= (_vector_spacing << 0x5))), function at exception vector 43 too large)

.vector_44      0x9d006780        0x8
 *(.vector_44)
 .vector_44     0x9d006780        0x8 /opt/microchip/xc32/v1.32/bin/bin/../../lib/gcc/pic32mx/4.5.2/../../../../pic32mx/lib/size/libpic32.a(vector44.o)
                0x9d006780                __vector_dispatch_44
                0x00000001                ASSERT (((_vector_spacing == 0x0) || (SIZEOF (.vector_44) <= (_vector_spacing << 0x5))), function at exception vector 44 too large)

.vector_45      0x9d0067a0        0x8
 *(.vector_45)
 .vector_45     0x9d0067a0        0x8 /opt/microchip/xc32/v1.32/bin/bin/../../lib/gcc/pic32mx/4.5.2/../../../../pic32mx/lib/size/libpic32.a(vector45.o)
                0x9d0067a0                __vector_dispatch_45
                0x00000001                ASSERT (((_vector_spacing == 0x0) || (SIZEOF (.vector_45) <= (_vector_spacing << 0x5))), function at exception vector 45 too large)

.vector_46      0x9d0067c0        0x8
 *(.vector_46)
 .vector_46     0x9d0067c0        0x8 /opt/microchip/xc32/v1.32/bin/bin/../../lib/gcc/pic32mx/4.5.2/../../../../pic32mx/lib/size/libpic32.a(vector46.o)
                0x9d0067c0                __vector_dispatch_46
                0x00000001                ASSERT (((_vector_spacing == 0x0) || (SIZEOF (.vector_46) <= (_vector_spacing << 0x5))), function at exception vector 46 too large)

.vector_47      0x9d0067e0        0x8
 *(.vector_47)
 .vector_47     0x9d0067e0        0x8 /opt/microchip/xc32/v1.32/bin/bin/../../lib/gcc/pic32mx/4.5.2/../../../../pic32mx/lib/size/libpic32.a(vector47.o)
                0x9d0067e0                __vector_dispatch_47
                0x00000001                ASSERT (((_vector_spacing == 0x0) || (SIZEOF (.vector_47) <= (_vector_spacing << 0x5))), function at exception vector 47 too large)

.vector_48      0x9d006800        0x8
 *(.vector_48)
 .vector_48     0x9d006800        0x8 /opt/microchip/xc32/v1.32/bin/bin/../../lib/gcc/pic32mx/4.5.2/../../../../pic32mx/lib/size/libpic32.a(vector48.o)
                0x9d006800                __vector_dispatch_48
                0x00000001                ASSERT (((_vector_spacing == 0x0) || (SIZEOF (.vector_48) <= (_vector_spacing << 0x5))), function at exception vector 48 too large)

.vector_49      0x9d006820        0x8
 *(.vector_49)
 .vector_49     0x9d006820        0x8 /opt/microchip/xc32/v1.32/bin/bin/../../lib/gcc/pic32mx/4.5.2/../../../../pic32mx/lib/size/libpic32.a(vector49.o)
                0x9d006820                __vector_dispatch_49
                0x00000001                ASSERT (((_vector_spacing == 0x0) || (SIZEOF (.vector_49) <= (_vector_spacing << 0x5))), function at exception vector 49 too large)

.vector_50      0x9d006840        0x8
 *(.vector_50)
 .vector_50     0x9d006840        0x8 /opt/microchip/xc32/v1.32/bin/bin/../../lib/gcc/pic32mx/4.5.2/../../../../pic32mx/lib/size/libpic32.a(vector50.o)
                0x9d006840                __vector_dispatch_50
                0x00000001                ASSERT (((_vector_spacing == 0x0) || (SIZEOF (.vector_50) <= (_vector_spacing << 0x5))), function at exception vector 50 too large)

.vector_51      0x9d006860        0x8
 *(.vector_51)
 .vector_51     0x9d006860        0x8 /opt/microchip/xc32/v1.32/bin/bin/../../lib/gcc/pic32mx/4.5.2/../../../../pic32mx/lib/size/libpic32.a(vector51.o)
                0x9d006860                __vector_dispatch_51
                0x00000001                ASSERT (((_vector_spacing == 0x0) || (SIZEOF (.vector_51) <= (_vector_spacing << 0x5))), function at exception vector 51 too large)

.vector_52      0x9d006880        0x8
 *(.vector_52)
 .vector_52     0x9d006880        0x8 /opt/microchip/xc32/v1.32/bin/bin/../../lib/gcc/pic32mx/4.5.2/../../../../pic32mx/lib/size/libpic32.a(vector52.o)
                0x9d006880                __vector_dispatch_52
                0x00000001                ASSERT (((_vector_spacing == 0x0) || (SIZEOF (.vector_52) <= (_vector_spacing << 0x5))), function at exception vector 52 too large)

.vector_53      0x9d0068a0        0x8
 *(.vector_53)
 .vector_53     0x9d0068a0        0x8 /opt/microchip/xc32/v1.32/bin/bin/../../lib/gcc/pic32mx/4.5.2/../../../../pic32mx/lib/size/libpic32.a(vector53.o)
                0x9d0068a0                __vector_dispatch_53
                0x00000001                ASSERT (((_vector_spacing == 0x0) || (SIZEOF (.vector_53) <= (_vector_spacing << 0x5))), function at exception vector 53 too large)

.vector_54      0x9d0068c0        0x8
 *(.vector_54)
 .vector_54     0x9d0068c0        0x8 /opt/microchip/xc32/v1.32/bin/bin/../../lib/gcc/pic32mx/4.5.2/../../../../pic32mx/lib/size/libpic32.a(vector54.o)
                0x9d0068c0                __vector_dispatch_54
                0x00000001                ASSERT (((_vector_spacing == 0x0) || (SIZEOF (.vector_54) <= (_vector_spacing << 0x5))), function at exception vector 54 too large)

.vector_55      0x9d0068e0        0x8
 *(.vector_55)
 .vector_55     0x9d0068e0        0x8 /opt/microchip/xc32/v1.32/bin/bin/../../lib/gcc/pic32mx/4.5.2/../../../../pic32mx/lib/size/libpic32.a(vector55.o)
                0x9d0068e0                __vector_dispatch_55
                0x00000001                ASSERT (((_vector_spacing == 0x0) || (SIZEOF (.vector_55) <= (_vector_spacing << 0x5))), function at exception vector 55 too large)

.vector_56      0x9d006900        0x8
 *(.vector_56)
 .vector_56     0x9d006900        0x8 /opt/microchip/xc32/v1.32/bin/bin/../../lib/gcc/pic32mx/4.5.2/../../../../pic32mx/lib/size/libpic32.a(vector56.o)
                0x9d006900                __vector_dispatch_56
                0x00000001                ASSERT (((_vector_spacing == 0x0) || (SIZEOF (.vector_56) <= (_vector_spacing << 0x5))), function at exception vector 56 too large)

.vector_57      0x9d006920        0x8
 *(.vector_57)
 .vector_57     0x9d006920        0x8 /opt/microchip/xc32/v1.32/bin/bin/../../lib/gcc/pic32mx/4.5.2/../../../../pic32mx/lib/size/libpic32.a(vector57.o)
                0x9d006920                __vector_dispatch_57
                0x00000001                ASSERT (((_vector_spacing == 0x0) || (SIZEOF (.vector_57) <= (_vector_spacing << 0x5))), function at exception vector 57 too large)

.vector_58      0x9d006940        0x8
 *(.vector_58)
 .vector_58     0x9d006940        0x8 /opt/microchip/xc32/v1.32/bin/bin/../../lib/gcc/pic32mx/4.5.2/../../../../pic32mx/lib/size/libpic32.a(vector58.o)
                0x9d006940                __vector_dispatch_58
                0x00000001                ASSERT (((_vector_spacing == 0x0) || (SIZEOF (.vector_58) <= (_vector_spacing << 0x5))), function at exception vector 58 too large)

.vector_59      0x9d006960        0x8
 *(.vector_59)
 .vector_59     0x9d006960        0x8 /opt/microchip/xc32/v1.32/bin/bin/../../lib/gcc/pic32mx/4.5.2/../../../../pic32mx/lib/size/libpic32.a(vector59.o)
                0x9d006960                __vector_dispatch_59
                0x00000001                ASSERT (((_vector_spacing == 0x0) || (SIZEOF (.vector_59) <= (_vector_spacing << 0x5))), function at exception vector 59 too large)

.vector_60      0x9d006980        0x8
 *(.vector_60)
 .vector_60     0x9d006980        0x8 /opt/microchip/xc32/v1.32/bin/bin/../../lib/gcc/pic32mx/4.5.2/../../../../pic32mx/lib/size/libpic32.a(vector60.o)
                0x9d006980                __vector_dispatch_60
                0x00000001                ASSERT (((_vector_spacing == 0x0) || (SIZEOF (.vector_60) <= (_vector_spacing << 0x5))), function at exception vector 60 too large)

.vector_61      0x9d0069a0        0x8
 *(.vector_61)
 .vector_61     0x9d0069a0        0x8 /opt/microchip/xc32/v1.32/bin/bin/../../lib/gcc/pic32mx/4.5.2/../../../../pic32mx/lib/size/libpic32.a(vector61.o)
                0x9d0069a0                __vector_dispatch_61
                0x00000001                ASSERT (((_vector_spacing == 0x0) || (SIZEOF (.vector_61) <= (_vector_spacing << 0x5))), function at exception vector 61 too large)

.vector_62      0x9d0069c0        0x8
 *(.vector_62)
 .vector_62     0x9d0069c0        0x8 /opt/microchip/xc32/v1.32/bin/bin/../../lib/gcc/pic32mx/4.5.2/../../../../pic32mx/lib/size/libpic32.a(vector62.o)
                0x9d0069c0                __vector_dispatch_62
                0x00000001                ASSERT (((_vector_spacing == 0x0) || (SIZEOF (.vector_62) <= (_vector_spacing << 0x5))), function at exception vector 62 too large)

.vector_63      0x9d0069e0        0x8
 *(.vector_63)
 .vector_63     0x9d0069e0        0x8 /opt/microchip/xc32/v1.32/bin/bin/../../lib/gcc/pic32mx/4.5.2/../../../../pic32mx/lib/size/libpic32.a(vector63.o)
                0x9d0069e0                __vector_dispatch_63
                0x00000001                ASSERT (((_vector_spacing == 0x0) || (SIZEOF (.vector_63) <= (_vector_spacing << 0x5))), function at exception vector 63 too large)

.startup
 *(.startup)

.text           0x9d007490        0x0
 *(.stub .gnu.linkonce.t.*)
 *(.text.*personality*)
 *(.mips16.fn.*)
 *(.mips16.call.*)
 *(.gnu.warning)
                0x9d007490                . = ALIGN (0x4)

.init           0x9d007490        0x0
 *crti.o(.init)
 *crtbegin.o(.init)
 *(EXCLUDE_FILE(*crtn.o *crtend?.o *crtend.o) .init)
 *crtend.o(.init)
 *crtn.o(.init)
                0x9d007490                . = ALIGN (0x4)

.fini           0x9d007490        0x0
 *(.fini)
                0x9d007490                . = ALIGN (0x4)

.preinit_array  0x9d007490        0x0
                0x9d007490                PROVIDE (__preinit_array_start, .)
 *(.preinit_array)
                0x9d007490                PROVIDE (__preinit_array_end, .)
                0x9d007490                . = ALIGN (0x4)

.init_array     0x9d007490        0x0
                0x9d007490                PROVIDE (__init_array_start, .)
 *(SORT(.init_array.*))
 *(.init_array)
                0x9d007490                PROVIDE (__init_array_end, .)
                0x9d007490                . = ALIGN (0x4)

.fini_array     0x9d007490        0x0
                0x9d007490                PROVIDE (__fini_array_start, .)
 *(SORT(.fini_array.*))
 *(.fini_array)
                0x9d007490                PROVIDE (__fini_array_end, .)
                0x9d007490                . = ALIGN (0x4)

.ctors          0x9d007490        0x0
 *crtbegin.o(.ctors)
 *crtbegin?.o(.ctors)
 *(EXCLUDE_FILE(*crtend?.o *crtend.o) .ctors)
 *(SORT(.ctors.*))
 *(.ctors)
                0x9d007490                . = ALIGN (0x4)

.dtors          0x9d007490        0x0
 *crtbegin.o(.dtors)
 *crtbegin?.o(.dtors)
 *(EXCLUDE_FILE(*crtend?.o *crtend.o) .dtors)
 *(SORT(.dtors.*))
 *(.dtors)
                0x9d007490                . = ALIGN (0x4)

.rodata         0x9d007490        0x0
 *(.gnu.linkonce.r.*)
 *(.rodata1)
                0x9d007490                . = ALIGN (0x4)

.sdata2         0x9d006000        0x0
 *(.sdata2 .sdata2.* .gnu.linkonce.s2.*)
                0x9d006000                . = ALIGN (0x4)

.sbss2          0x9d006000        0x0
 *(.sbss2 .sbss2.* .gnu.linkonce.sb2.*)
                0x9d006000                . = ALIGN (0x4)

.eh_frame_hdr
 *(.eh_frame_hdr)
                0x9d006000                . = ALIGN (0x4)

.eh_frame
 *(.eh_frame)
                0x9d006000                . = ALIGN (0x4)

.gcc_except_table
 *(.gcc_except_table .gcc_except_table.*)
                0x9d006000                . = ALIGN (0x4)

.dbg_data       0xa0000000        0x0
                0xa0000000                . = (. + DEFINED (_DEBUGGER)?0x200:0x0)

.jcr            0xa0000000        0x0
 *(.jcr)
                0xa0000000                . = ALIGN (0x4)

.eh_frame
 *(.eh_frame)
                0xa0000000                . = ALIGN (0x4)

.gcc_except_table
 *(.gcc_except_table .gcc_except_table.*)
                0xa0000000                . = ALIGN (0x4)

.persist        0xa0000000        0x0
                0xa0000000                _persist_begin = .
 *(.persist .persist.*)
 *(.pbss .pbss.*)
                0xa0000000                . = ALIGN (0x4)
                0xa0000000                _persist_end = .

.data           0xa0000000        0x0
 *(.gnu.linkonce.d.*)
 *(.data1)
                0xa0000000                . = ALIGN (0x4)
                0xa0000000                . = .
                0xa0007ff0                _gp = (ALIGN (0x10) + 0x7ff0)

.got            0xa0000000        0x0
 *(.got.plt)
 *(.got)
                0xa0000000                . = ALIGN (0x4)

.sdata          0xa0000000        0xc
                0xa0000000                _sdata_begin = .
 *(.sdata .sdata.* .gnu.linkonce.s.*)
 .sdata         0xa0000000        0x8 build/default/production/newmain.o
                0xa0000000                VRAM
 .sdata         0xa0000008        0x1 build/default/production/mmc_xmega.o
                0xa000000c                . = ALIGN (0x4)
 *fill*         0xa0000009        0x3 
                0xa000000c                _sdata_end = .

.lit8
 *(.lit8)

.lit4
 *(.lit4)
                0xa000000c                . = ALIGN (0x4)
                0xa000000c                _data_end = .
                0xa000000c                _bss_begin = .

.sbss           0xa000000c       0x40
                0xa000000c                _sbss_begin = .
 *(.dynsbss)
 *(.sbss .sbss.* .gnu.linkonce.sb.*)
 .sbss          0xa000000c        0x4 build/default/production/newmain.o
 .sbss          0xa0000010        0x8 build/default/production/ff.o
 .sbss          0xa0000018        0xc build/default/production/mmc_xmega.o
 *(.scommon)
 .scommon       0xa0000024       0x28 build/default/production/composite32-high4.o
                0xa0000024                drawcount
                0xa0000028                VRAMp
                0xa000002c                cursorcolor
                0xa0000030                bgcolor
                0xa0000034                twidth
                0xa0000038                cursor
                0xa000003c                graphmode
                0xa000003e                LineCount
                0xa0000040                drawing
                0xa0000044                gVRAM
                0xa0000048                fontp
                0xa000004c                _sbss_end = .
                0xa000004c                . = ALIGN (0x4)

.bss            0xa000004c     0xefbc
 *(.dynbss)
 *(COMMON)
 COMMON         0xa000004c     0xe248 build/default/production/newmain.o
                0xa000004c                VRAMA
                0xa000e04c                fhandle
                0xa000e068                fatfs
 COMMON         0xa000e294      0xd71 build/default/production/composite32-high4.o
                0xa000e294                ClTable
                0xa000e694                gClTable
                0xa000e794                TVRAM
                0xa000f008                . = ALIGN ((. != 0x0)?0x4:0x1)
 *fill*         0xa000f005        0x3 
                0xa000f008                . = ALIGN (0x4)
                0xa000f008                _end = .
                0xa000f008                _bss_end = .
                0x00010000                _bmxdudba_address = 0x10000
                0x00010000                _bmxdupba_address = 0x10000

/DISCARD/
 *(.pdr)
 *(.rel.dyn)
 *(.note.GNU-stack)
 *(.note.GNU-stack)
 *(.gnu_debuglink)
 *(.gnu.lto_*)
 *(.discard)

.gptab.sdata
 *(.gptab.data)
 *(.gptab.sdata)

.gptab.sbss
 *(.gptab.bss)
 *(.gptab.sbss)

.mdebug.abi32   0xa000f008        0x0
 *(.mdebug.abi32)
 .mdebug.abi32  0xa000f008        0x0 build/default/production/newmain.o
 .mdebug.abi32  0xa000f008        0x0 build/default/production/ff.o
 .mdebug.abi32  0xa000f008        0x0 build/default/production/mmc_xmega.o
 .mdebug.abi32  0xa000f008        0x0 build/default/production/composite32-high4.o
 .mdebug.abi32  0xa000f008        0x0 /opt/microchip/xc32/v1.32/bin/bin/../../lib/gcc/pic32mx/4.5.2/../../../../pic32mx/lib/size/libmchp_peripheral_32MX150F128B.a(osc_config_lib.o)
 .mdebug.abi32  0xa000f008        0x0 /opt/microchip/xc32/v1.32/bin/bin/../../lib/gcc/pic32mx/4.5.2/../../../../pic32mx/lib/size/libmchp_peripheral_32MX150F128B.a(int_disable_interrupts_lib.o)
 .mdebug.abi32  0xa000f008        0x0 /opt/microchip/xc32/v1.32/bin/bin/../../lib/gcc/pic32mx/4.5.2/../../../../pic32mx/lib/size/libmchp_peripheral_32MX150F128B.a(int_restore_interrupts_lib.o)
 .mdebug.abi32  0xa000f008        0x0 /opt/microchip/xc32/v1.32/bin/bin/../../lib/gcc/pic32mx/4.5.2/../../../../pic32mx/lib/size/libmchp_peripheral_32MX150F128B.a(int_enable_mv_int_lib.o)
 .mdebug.abi32  0xa000f008        0x0 /opt/microchip/xc32/v1.32/bin/bin/../../lib/gcc/pic32mx/4.5.2/../../../../pic32mx/lib/size/libmchp_peripheral_32MX150F128B.a(spi_getc_spi2_lib_legacy.o)
 .mdebug.abi32  0xa000f008        0x0 /opt/microchip/xc32/v1.32/bin/bin/../../lib/gcc/pic32mx/4.5.2/../../../../pic32mx/lib/size/libmchp_peripheral_32MX150F128B.a(spi_open_spi2_lib_legacy.o)
 .mdebug.abi32  0xa000f008        0x0 /opt/microchip/xc32/v1.32/bin/bin/../../lib/gcc/pic32mx/4.5.2/../../../../pic32mx/lib/size/libmchp_peripheral_32MX150F128B.a(spi_brg_tbl_lib_legacy.o)
 .mdebug.abi32  0xa000f008        0x0 /opt/microchip/xc32/v1.32/bin/bin/../../lib/gcc/pic32mx/4.5.2/../../../../pic32mx/lib/size/libmchp_peripheral_32MX150F128B.a(dma_chn_clr_ev_flags_lib.o)
 .mdebug.abi32  0xa000f008        0x0 /opt/microchip/xc32/v1.32/bin/bin/../../lib/gcc/pic32mx/4.5.2/../../../../pic32mx/lib/size/libmchp_peripheral_32MX150F128B.a(dma_chn_open_lib.o)
 .mdebug.abi32  0xa000f008        0x0 /opt/microchip/xc32/v1.32/bin/bin/../../lib/gcc/pic32mx/4.5.2/../../../../pic32mx/lib/size/libmchp_peripheral_32MX150F128B.a(dma_chn_enable_lib.o)
 .mdebug.abi32  0xa000f008        0x0 /opt/microchip/xc32/v1.32/bin/bin/../../lib/gcc/pic32mx/4.5.2/../../../../pic32mx/lib/size/libmchp_peripheral_32MX150F128B.a(dma_chn_get_ev_flags_lib.o)
 .mdebug.abi32  0xa000f008        0x0 /opt/microchip/xc32/v1.32/bin/bin/../../lib/gcc/pic32mx/4.5.2/../../../../pic32mx/lib/size/libmchp_peripheral_32MX150F128B.a(dma_chn_write_event_control_flags_lib.o)
 .mdebug.abi32  0xa000f008        0x0 /opt/microchip/xc32/v1.32/bin/bin/../../lib/gcc/pic32mx/4.5.2/../../../../pic32mx/lib/size/libmchp_peripheral_32MX150F128B.a(dma_chn_set_txfer_lib.o)
 .mdebug.abi32  0xa000f008        0x0 /opt/microchip/xc32/v1.32/bin/bin/../../lib/gcc/pic32mx/4.5.2/../../../../pic32mx/lib/size/libmchp_peripheral_32MX150F128B.a(dma_chn_start_txfer_lib.o)
 .mdebug.abi32  0xa000f008        0x0 /opt/microchip/xc32/v1.32/bin/bin/../../lib/gcc/pic32mx/4.5.2/../../../../pic32mx/lib/size/libmchp_peripheral_32MX150F128B.a(dma_reg_map_tbl_lib.o)
 .mdebug.abi32  0xa000f008        0x0 /opt/microchip/xc32/v1.32/bin/bin/../../lib/gcc/pic32mx/4.5.2/../../../../pic32mx/lib/size/libmchp_peripheral_32MX150F128B.a(int_enable_interrupts_lib.o)
 .mdebug.abi32  0xa000f008        0x0 /opt/microchip/xc32/v1.32/bin/bin/../../lib/gcc/pic32mx/4.5.2/../../../../pic32mx/lib/size/libmchp_peripheral_32MX150F128B.a(int_tbl_lib.o)
 .mdebug.abi32  0xa000f008        0x0 /opt/microchip/xc32/v1.32/bin/bin/../../lib/gcc/pic32mx/4.5.2/../../../../pic32mx/lib/size/libpic32.a(default-bootstrap-exception-handler.o)
 .mdebug.abi32  0xa000f008        0x0 /opt/microchip/xc32/v1.32/bin/bin/../../lib/gcc/pic32mx/4.5.2/../../../../pic32mx/lib/size/libpic32.a(default-on-reset.o)
 .mdebug.abi32  0xa000f008        0x0 /opt/microchip/xc32/v1.32/bin/bin/../../lib/gcc/pic32mx/4.5.2/../../../../pic32mx/lib/size/libpic32.a(default-on-bootstrap.o)
 .mdebug.abi32  0xa000f008        0x0 /opt/microchip/xc32/v1.32/bin/bin/../../lib/gcc/pic32mx/4.5.2/../../../../pic32mx/lib/size/libpic32.a(default-general-exception-handler.o)
 .mdebug.abi32  0xa000f008        0x0 /opt/microchip/xc32/v1.32/bin/bin/../../lib/gcc/pic32mx/4.5.2/../../../../pic32mx/lib/size/libpic32.a(defaultinterrupt.o)

.mdebug.abiN32
 *(.mdebug.abiN32)

.mdebug.abi64
 *(.mdebug.abi64)

.mdebug.abiO64
 *(.mdebug.abiO64)

.mdebug.eabi32
 *(.mdebug.eabi32)

.mdebug.eabi64
 *(.mdebug.eabi64)

.gcc_compiled_long32
 *(.gcc_compiled_long32)

.gcc_compiled_long64
 *(.gcc_compiled_long64)

.stab
 *(.stab)

.stabstr
 *(.stabstr)

.stab.excl
 *(.stab.excl)

.stab.exclstr
 *(.stab.exclstr)

.stab.index
 *(.stab.index)

.stab.indexstr
 *(.stab.indexstr)

.comment        0x00000000       0x78
 *(.comment)
 .comment       0x00000000       0x3c build/default/production/newmain.o
                                 0x3d (size before relaxing)
 .comment       0x00000000       0x3d build/default/production/ff.o
 .comment       0x00000000       0x3d build/default/production/mmc_xmega.o
 .comment       0x00000000       0x3d build/default/production/composite32-high4.o
 .comment       0x0000003c       0x3c /opt/microchip/xc32/v1.32/bin/bin/../../lib/gcc/pic32mx/4.5.2/../../../../pic32mx/lib/size/libmchp_peripheral_32MX150F128B.a(osc_config_lib.o)
                                 0x3d (size before relaxing)
 .comment       0x00000000       0x3d /opt/microchip/xc32/v1.32/bin/bin/../../lib/gcc/pic32mx/4.5.2/../../../../pic32mx/lib/size/libmchp_peripheral_32MX150F128B.a(int_disable_interrupts_lib.o)
 .comment       0x00000000       0x3d /opt/microchip/xc32/v1.32/bin/bin/../../lib/gcc/pic32mx/4.5.2/../../../../pic32mx/lib/size/libmchp_peripheral_32MX150F128B.a(int_restore_interrupts_lib.o)
 .comment       0x00000000       0x3d /opt/microchip/xc32/v1.32/bin/bin/../../lib/gcc/pic32mx/4.5.2/../../../../pic32mx/lib/size/libmchp_peripheral_32MX150F128B.a(int_enable_mv_int_lib.o)
 .comment       0x00000000       0x3d /opt/microchip/xc32/v1.32/bin/bin/../../lib/gcc/pic32mx/4.5.2/../../../../pic32mx/lib/size/libmchp_peripheral_32MX150F128B.a(spi_getc_spi2_lib_legacy.o)
 .comment       0x00000000       0x3d /opt/microchip/xc32/v1.32/bin/bin/../../lib/gcc/pic32mx/4.5.2/../../../../pic32mx/lib/size/libmchp_peripheral_32MX150F128B.a(spi_open_spi2_lib_legacy.o)
 .comment       0x00000000       0x3d /opt/microchip/xc32/v1.32/bin/bin/../../lib/gcc/pic32mx/4.5.2/../../../../pic32mx/lib/size/libmchp_peripheral_32MX150F128B.a(spi_brg_tbl_lib_legacy.o)
 .comment       0x00000000       0x3d /opt/microchip/xc32/v1.32/bin/bin/../../lib/gcc/pic32mx/4.5.2/../../../../pic32mx/lib/size/libmchp_peripheral_32MX150F128B.a(dma_chn_clr_ev_flags_lib.o)
 .comment       0x00000000       0x3d /opt/microchip/xc32/v1.32/bin/bin/../../lib/gcc/pic32mx/4.5.2/../../../../pic32mx/lib/size/libmchp_peripheral_32MX150F128B.a(dma_chn_open_lib.o)
 .comment       0x00000000       0x3d /opt/microchip/xc32/v1.32/bin/bin/../../lib/gcc/pic32mx/4.5.2/../../../../pic32mx/lib/size/libmchp_peripheral_32MX150F128B.a(dma_chn_enable_lib.o)
 .comment       0x00000000       0x3d /opt/microchip/xc32/v1.32/bin/bin/../../lib/gcc/pic32mx/4.5.2/../../../../pic32mx/lib/size/libmchp_peripheral_32MX150F128B.a(dma_chn_get_ev_flags_lib.o)
 .comment       0x00000000       0x3d /opt/microchip/xc32/v1.32/bin/bin/../../lib/gcc/pic32mx/4.5.2/../../../../pic32mx/lib/size/libmchp_peripheral_32MX150F128B.a(dma_chn_write_event_control_flags_lib.o)
 .comment       0x00000000       0x3d /opt/microchip/xc32/v1.32/bin/bin/../../lib/gcc/pic32mx/4.5.2/../../../../pic32mx/lib/size/libmchp_peripheral_32MX150F128B.a(dma_chn_set_txfer_lib.o)
 .comment       0x00000000       0x3d /opt/microchip/xc32/v1.32/bin/bin/../../lib/gcc/pic32mx/4.5.2/../../../../pic32mx/lib/size/libmchp_peripheral_32MX150F128B.a(dma_chn_start_txfer_lib.o)
 .comment       0x00000000       0x3d /opt/microchip/xc32/v1.32/bin/bin/../../lib/gcc/pic32mx/4.5.2/../../../../pic32mx/lib/size/libmchp_peripheral_32MX150F128B.a(dma_reg_map_tbl_lib.o)
 .comment       0x00000000       0x3d /opt/microchip/xc32/v1.32/bin/bin/../../lib/gcc/pic32mx/4.5.2/../../../../pic32mx/lib/size/libmchp_peripheral_32MX150F128B.a(int_enable_interrupts_lib.o)
 .comment       0x00000000       0x3d /opt/microchip/xc32/v1.32/bin/bin/../../lib/gcc/pic32mx/4.5.2/../../../../pic32mx/lib/size/libmchp_peripheral_32MX150F128B.a(int_tbl_lib.o)
 .comment       0x00000000       0x3d /opt/microchip/xc32/v1.32/bin/bin/../../lib/gcc/pic32mx/4.5.2/../../../../pic32mx/lib/size/libpic32.a(default-bootstrap-exception-handler.o)
 .comment       0x00000000       0x3d /opt/microchip/xc32/v1.32/bin/bin/../../lib/gcc/pic32mx/4.5.2/../../../../pic32mx/lib/size/libpic32.a(default-on-reset.o)
 .comment       0x00000000       0x3d /opt/microchip/xc32/v1.32/bin/bin/../../lib/gcc/pic32mx/4.5.2/../../../../pic32mx/lib/size/libpic32.a(default-on-bootstrap.o)
 .comment       0x00000000       0x3d /opt/microchip/xc32/v1.32/bin/bin/../../lib/gcc/pic32mx/4.5.2/../../../../pic32mx/lib/size/libpic32.a(default-general-exception-handler.o)
 .comment       0x00000000       0x3d /opt/microchip/xc32/v1.32/bin/bin/../../lib/gcc/pic32mx/4.5.2/../../../../pic32mx/lib/size/libpic32.a(defaultinterrupt.o)

.debug
 *(.debug)

.line
 *(.line)

.debug_srcinfo
 *(.debug_srcinfo)

.debug_sfnames
 *(.debug_sfnames)

.debug_aranges  0x00000000      0x340
 *(.debug_aranges)
 .debug_aranges
                0x00000000       0x20 build/default/production/newmain.o
 .debug_aranges
                0x00000020       0x20 build/default/production/ff.o
 .debug_aranges
                0x00000040       0x20 build/default/production/mmc_xmega.o
 .debug_aranges
                0x00000060       0x20 build/default/production/composite32-high4.o
 .debug_aranges
                0x00000080       0x20 /opt/microchip/xc32/v1.32/bin/bin/../../lib/gcc/pic32mx/4.5.2/../../../../pic32mx/lib/size/libmchp_peripheral_32MX150F128B.a(osc_config_lib.o)
 .debug_aranges
                0x000000a0       0x20 /opt/microchip/xc32/v1.32/bin/bin/../../lib/gcc/pic32mx/4.5.2/../../../../pic32mx/lib/size/libmchp_peripheral_32MX150F128B.a(int_disable_interrupts_lib.o)
 .debug_aranges
                0x000000c0       0x20 /opt/microchip/xc32/v1.32/bin/bin/../../lib/gcc/pic32mx/4.5.2/../../../../pic32mx/lib/size/libmchp_peripheral_32MX150F128B.a(int_restore_interrupts_lib.o)
 .debug_aranges
                0x000000e0       0x20 /opt/microchip/xc32/v1.32/bin/bin/../../lib/gcc/pic32mx/4.5.2/../../../../pic32mx/lib/size/libmchp_peripheral_32MX150F128B.a(int_enable_mv_int_lib.o)
 .debug_aranges
                0x00000100       0x20 /opt/microchip/xc32/v1.32/bin/bin/../../lib/gcc/pic32mx/4.5.2/../../../../pic32mx/lib/size/libmchp_peripheral_32MX150F128B.a(spi_getc_spi2_lib_legacy.o)
 .debug_aranges
                0x00000120       0x20 /opt/microchip/xc32/v1.32/bin/bin/../../lib/gcc/pic32mx/4.5.2/../../../../pic32mx/lib/size/libmchp_peripheral_32MX150F128B.a(spi_open_spi2_lib_legacy.o)
 .debug_aranges
                0x00000140       0x20 /opt/microchip/xc32/v1.32/bin/bin/../../lib/gcc/pic32mx/4.5.2/../../../../pic32mx/lib/size/libmchp_peripheral_32MX150F128B.a(dma_chn_clr_ev_flags_lib.o)
 .debug_aranges
                0x00000160       0x20 /opt/microchip/xc32/v1.32/bin/bin/../../lib/gcc/pic32mx/4.5.2/../../../../pic32mx/lib/size/libmchp_peripheral_32MX150F128B.a(dma_chn_open_lib.o)
 .debug_aranges
                0x00000180       0x20 /opt/microchip/xc32/v1.32/bin/bin/../../lib/gcc/pic32mx/4.5.2/../../../../pic32mx/lib/size/libmchp_peripheral_32MX150F128B.a(dma_chn_enable_lib.o)
 .debug_aranges
                0x000001a0       0x20 /opt/microchip/xc32/v1.32/bin/bin/../../lib/gcc/pic32mx/4.5.2/../../../../pic32mx/lib/size/libmchp_peripheral_32MX150F128B.a(dma_chn_get_ev_flags_lib.o)
 .debug_aranges
                0x000001c0       0x20 /opt/microchip/xc32/v1.32/bin/bin/../../lib/gcc/pic32mx/4.5.2/../../../../pic32mx/lib/size/libmchp_peripheral_32MX150F128B.a(dma_chn_write_event_control_flags_lib.o)
 .debug_aranges
                0x000001e0       0x20 /opt/microchip/xc32/v1.32/bin/bin/../../lib/gcc/pic32mx/4.5.2/../../../../pic32mx/lib/size/libmchp_peripheral_32MX150F128B.a(dma_chn_set_txfer_lib.o)
 .debug_aranges
                0x00000200       0x20 /opt/microchip/xc32/v1.32/bin/bin/../../lib/gcc/pic32mx/4.5.2/../../../../pic32mx/lib/size/libmchp_peripheral_32MX150F128B.a(dma_chn_start_txfer_lib.o)
 .debug_aranges
                0x00000220       0x20 /opt/microchip/xc32/v1.32/bin/bin/../../lib/gcc/pic32mx/4.5.2/../../../../pic32mx/lib/size/libmchp_peripheral_32MX150F128B.a(int_enable_interrupts_lib.o)
 .debug_aranges
                0x00000240       0x60 /opt/microchip/xc32/v1.32/bin/bin/../../lib/gcc/pic32mx/4.5.2/../../../../pic32mx/lib/size/libmchp_peripheral_32MX150F128B.a(int_tbl_lib.o)
 .debug_aranges
                0x000002a0       0x20 /opt/microchip/xc32/v1.32/bin/bin/../../lib/gcc/pic32mx/4.5.2/../../../../pic32mx/lib/size/libpic32.a(default-bootstrap-exception-handler.o)
 .debug_aranges
                0x000002c0       0x20 /opt/microchip/xc32/v1.32/bin/bin/../../lib/gcc/pic32mx/4.5.2/../../../../pic32mx/lib/size/libpic32.a(default-on-reset.o)
 .debug_aranges
                0x000002e0       0x20 /opt/microchip/xc32/v1.32/bin/bin/../../lib/gcc/pic32mx/4.5.2/../../../../pic32mx/lib/size/libpic32.a(default-on-bootstrap.o)
 .debug_aranges
                0x00000300       0x20 /opt/microchip/xc32/v1.32/bin/bin/../../lib/gcc/pic32mx/4.5.2/../../../../pic32mx/lib/size/libpic32.a(default-general-exception-handler.o)
 .debug_aranges
                0x00000320       0x20 /opt/microchip/xc32/v1.32/bin/bin/../../lib/gcc/pic32mx/4.5.2/../../../../pic32mx/lib/size/libpic32.a(defaultinterrupt.o)

.debug_pubnames
                0x00000000      0x8e7
 *(.debug_pubnames)
 .debug_pubnames
                0x00000000       0x6e build/default/production/newmain.o
 .debug_pubnames
                0x0000006e       0xfd build/default/production/ff.o
 .debug_pubnames
                0x0000016b       0x9e build/default/production/mmc_xmega.o
 .debug_pubnames
                0x00000209      0x31f build/default/production/composite32-high4.o
 .debug_pubnames
                0x00000528       0x20 /opt/microchip/xc32/v1.32/bin/bin/../../lib/gcc/pic32mx/4.5.2/../../../../pic32mx/lib/size/libmchp_peripheral_32MX150F128B.a(osc_config_lib.o)
 .debug_pubnames
                0x00000548       0x2b /opt/microchip/xc32/v1.32/bin/bin/../../lib/gcc/pic32mx/4.5.2/../../../../pic32mx/lib/size/libmchp_peripheral_32MX150F128B.a(int_disable_interrupts_lib.o)
 .debug_pubnames
                0x00000573       0x2b /opt/microchip/xc32/v1.32/bin/bin/../../lib/gcc/pic32mx/4.5.2/../../../../pic32mx/lib/size/libmchp_peripheral_32MX150F128B.a(int_restore_interrupts_lib.o)
 .debug_pubnames
                0x0000059e       0x36 /opt/microchip/xc32/v1.32/bin/bin/../../lib/gcc/pic32mx/4.5.2/../../../../pic32mx/lib/size/libmchp_peripheral_32MX150F128B.a(int_enable_mv_int_lib.o)
 .debug_pubnames
                0x000005d4       0x1f /opt/microchip/xc32/v1.32/bin/bin/../../lib/gcc/pic32mx/4.5.2/../../../../pic32mx/lib/size/libmchp_peripheral_32MX150F128B.a(spi_getc_spi2_lib_legacy.o)
 .debug_pubnames
                0x000005f3       0x1f /opt/microchip/xc32/v1.32/bin/bin/../../lib/gcc/pic32mx/4.5.2/../../../../pic32mx/lib/size/libmchp_peripheral_32MX150F128B.a(spi_open_spi2_lib_legacy.o)
 .debug_pubnames
                0x00000612       0x27 /opt/microchip/xc32/v1.32/bin/bin/../../lib/gcc/pic32mx/4.5.2/../../../../pic32mx/lib/size/libmchp_peripheral_32MX150F128B.a(dma_chn_clr_ev_flags_lib.o)
 .debug_pubnames
                0x00000639       0x21 /opt/microchip/xc32/v1.32/bin/bin/../../lib/gcc/pic32mx/4.5.2/../../../../pic32mx/lib/size/libmchp_peripheral_32MX150F128B.a(dma_chn_open_lib.o)
 .debug_pubnames
                0x0000065a       0x23 /opt/microchip/xc32/v1.32/bin/bin/../../lib/gcc/pic32mx/4.5.2/../../../../pic32mx/lib/size/libmchp_peripheral_32MX150F128B.a(dma_chn_enable_lib.o)
 .debug_pubnames
                0x0000067d       0x27 /opt/microchip/xc32/v1.32/bin/bin/../../lib/gcc/pic32mx/4.5.2/../../../../pic32mx/lib/size/libmchp_peripheral_32MX150F128B.a(dma_chn_get_ev_flags_lib.o)
 .debug_pubnames
                0x000006a4       0x33 /opt/microchip/xc32/v1.32/bin/bin/../../lib/gcc/pic32mx/4.5.2/../../../../pic32mx/lib/size/libmchp_peripheral_32MX150F128B.a(dma_chn_write_event_control_flags_lib.o)
 .debug_pubnames
                0x000006d7       0x25 /opt/microchip/xc32/v1.32/bin/bin/../../lib/gcc/pic32mx/4.5.2/../../../../pic32mx/lib/size/libmchp_peripheral_32MX150F128B.a(dma_chn_set_txfer_lib.o)
 .debug_pubnames
                0x000006fc       0x27 /opt/microchip/xc32/v1.32/bin/bin/../../lib/gcc/pic32mx/4.5.2/../../../../pic32mx/lib/size/libmchp_peripheral_32MX150F128B.a(dma_chn_start_txfer_lib.o)
 .debug_pubnames
                0x00000723       0x2a /opt/microchip/xc32/v1.32/bin/bin/../../lib/gcc/pic32mx/4.5.2/../../../../pic32mx/lib/size/libmchp_peripheral_32MX150F128B.a(int_enable_interrupts_lib.o)
 .debug_pubnames
                0x0000074d       0xca /opt/microchip/xc32/v1.32/bin/bin/../../lib/gcc/pic32mx/4.5.2/../../../../pic32mx/lib/size/libmchp_peripheral_32MX150F128B.a(int_tbl_lib.o)
 .debug_pubnames
                0x00000817       0x33 /opt/microchip/xc32/v1.32/bin/bin/../../lib/gcc/pic32mx/4.5.2/../../../../pic32mx/lib/size/libpic32.a(default-bootstrap-exception-handler.o)
 .debug_pubnames
                0x0000084a       0x20 /opt/microchip/xc32/v1.32/bin/bin/../../lib/gcc/pic32mx/4.5.2/../../../../pic32mx/lib/size/libpic32.a(default-on-reset.o)
 .debug_pubnames
                0x0000086a       0x24 /opt/microchip/xc32/v1.32/bin/bin/../../lib/gcc/pic32mx/4.5.2/../../../../pic32mx/lib/size/libpic32.a(default-on-bootstrap.o)
 .debug_pubnames
                0x0000088e       0x31 /opt/microchip/xc32/v1.32/bin/bin/../../lib/gcc/pic32mx/4.5.2/../../../../pic32mx/lib/size/libpic32.a(default-general-exception-handler.o)
 .debug_pubnames
                0x000008bf       0x28 /opt/microchip/xc32/v1.32/bin/bin/../../lib/gcc/pic32mx/4.5.2/../../../../pic32mx/lib/size/libpic32.a(defaultinterrupt.o)

.debug_info     0x00000000     0x884f
 *(.debug_info .gnu.linkonce.wi.*)
 .debug_info    0x00000000     0x1a1d build/default/production/newmain.o
 .debug_info    0x00001a1d     0x18e1 build/default/production/ff.o
 .debug_info    0x000032fe     0x1c5f build/default/production/mmc_xmega.o
 .debug_info    0x00004f5d     0x2966 build/default/production/composite32-high4.o
 .debug_info    0x000078c3       0xc0 /opt/microchip/xc32/v1.32/bin/bin/../../lib/gcc/pic32mx/4.5.2/../../../../pic32mx/lib/size/libmchp_peripheral_32MX150F128B.a(osc_config_lib.o)
 .debug_info    0x00007983       0xb6 /opt/microchip/xc32/v1.32/bin/bin/../../lib/gcc/pic32mx/4.5.2/../../../../pic32mx/lib/size/libmchp_peripheral_32MX150F128B.a(int_disable_interrupts_lib.o)
 .debug_info    0x00007a39       0xb6 /opt/microchip/xc32/v1.32/bin/bin/../../lib/gcc/pic32mx/4.5.2/../../../../pic32mx/lib/size/libmchp_peripheral_32MX150F128B.a(int_restore_interrupts_lib.o)
 .debug_info    0x00007aef       0xbc /opt/microchip/xc32/v1.32/bin/bin/../../lib/gcc/pic32mx/4.5.2/../../../../pic32mx/lib/size/libmchp_peripheral_32MX150F128B.a(int_enable_mv_int_lib.o)
 .debug_info    0x00007bab       0xa8 /opt/microchip/xc32/v1.32/bin/bin/../../lib/gcc/pic32mx/4.5.2/../../../../pic32mx/lib/size/libmchp_peripheral_32MX150F128B.a(spi_getc_spi2_lib_legacy.o)
 .debug_info    0x00007c53       0xa8 /opt/microchip/xc32/v1.32/bin/bin/../../lib/gcc/pic32mx/4.5.2/../../../../pic32mx/lib/size/libmchp_peripheral_32MX150F128B.a(spi_open_spi2_lib_legacy.o)
 .debug_info    0x00007cfb        0x0 /opt/microchip/xc32/v1.32/bin/bin/../../lib/gcc/pic32mx/4.5.2/../../../../pic32mx/lib/size/libmchp_peripheral_32MX150F128B.a(spi_brg_tbl_lib_legacy.o)
 .debug_info    0x00007cfb       0xb0 /opt/microchip/xc32/v1.32/bin/bin/../../lib/gcc/pic32mx/4.5.2/../../../../pic32mx/lib/size/libmchp_peripheral_32MX150F128B.a(dma_chn_clr_ev_flags_lib.o)
 .debug_info    0x00007dab       0xb5 /opt/microchip/xc32/v1.32/bin/bin/../../lib/gcc/pic32mx/4.5.2/../../../../pic32mx/lib/size/libmchp_peripheral_32MX150F128B.a(dma_chn_open_lib.o)
 .debug_info    0x00007e60       0xa6 /opt/microchip/xc32/v1.32/bin/bin/../../lib/gcc/pic32mx/4.5.2/../../../../pic32mx/lib/size/libmchp_peripheral_32MX150F128B.a(dma_chn_enable_lib.o)
 .debug_info    0x00007f06       0xb0 /opt/microchip/xc32/v1.32/bin/bin/../../lib/gcc/pic32mx/4.5.2/../../../../pic32mx/lib/size/libmchp_peripheral_32MX150F128B.a(dma_chn_get_ev_flags_lib.o)
 .debug_info    0x00007fb6       0xc9 /opt/microchip/xc32/v1.32/bin/bin/../../lib/gcc/pic32mx/4.5.2/../../../../pic32mx/lib/size/libmchp_peripheral_32MX150F128B.a(dma_chn_write_event_control_flags_lib.o)
 .debug_info    0x0000807f       0xbc /opt/microchip/xc32/v1.32/bin/bin/../../lib/gcc/pic32mx/4.5.2/../../../../pic32mx/lib/size/libmchp_peripheral_32MX150F128B.a(dma_chn_set_txfer_lib.o)
 .debug_info    0x0000813b       0xc8 /opt/microchip/xc32/v1.32/bin/bin/../../lib/gcc/pic32mx/4.5.2/../../../../pic32mx/lib/size/libmchp_peripheral_32MX150F128B.a(dma_chn_start_txfer_lib.o)
 .debug_info    0x00008203        0x0 /opt/microchip/xc32/v1.32/bin/bin/../../lib/gcc/pic32mx/4.5.2/../../../../pic32mx/lib/size/libmchp_peripheral_32MX150F128B.a(dma_reg_map_tbl_lib.o)
 .debug_info    0x00008203       0xb4 /opt/microchip/xc32/v1.32/bin/bin/../../lib/gcc/pic32mx/4.5.2/../../../../pic32mx/lib/size/libmchp_peripheral_32MX150F128B.a(int_enable_interrupts_lib.o)
 .debug_info    0x000082b7      0x196 /opt/microchip/xc32/v1.32/bin/bin/../../lib/gcc/pic32mx/4.5.2/../../../../pic32mx/lib/size/libmchp_peripheral_32MX150F128B.a(int_tbl_lib.o)
 .debug_info    0x0000844d       0xde /opt/microchip/xc32/v1.32/bin/bin/../../lib/gcc/pic32mx/4.5.2/../../../../pic32mx/lib/size/libpic32.a(default-bootstrap-exception-handler.o)
 .debug_info    0x0000852b       0xb8 /opt/microchip/xc32/v1.32/bin/bin/../../lib/gcc/pic32mx/4.5.2/../../../../pic32mx/lib/size/libpic32.a(default-on-reset.o)
 .debug_info    0x000085e3       0xc0 /opt/microchip/xc32/v1.32/bin/bin/../../lib/gcc/pic32mx/4.5.2/../../../../pic32mx/lib/size/libpic32.a(default-on-bootstrap.o)
 .debug_info    0x000086a3       0xda /opt/microchip/xc32/v1.32/bin/bin/../../lib/gcc/pic32mx/4.5.2/../../../../pic32mx/lib/size/libpic32.a(default-general-exception-handler.o)
 .debug_info    0x0000877d       0xd2 /opt/microchip/xc32/v1.32/bin/bin/../../lib/gcc/pic32mx/4.5.2/../../../../pic32mx/lib/size/libpic32.a(defaultinterrupt.o)

.debug_abbrev   0x00000000      0xcb4
 *(.debug_abbrev)
 .debug_abbrev  0x00000000      0x255 build/default/production/newmain.o
 .debug_abbrev  0x00000255      0x1ee build/default/production/ff.o
 .debug_abbrev  0x00000443      0x30f build/default/production/mmc_xmega.o
 .debug_abbrev  0x00000752      0x24a build/default/production/composite32-high4.o
 .debug_abbrev  0x0000099c       0x34 /opt/microchip/xc32/v1.32/bin/bin/../../lib/gcc/pic32mx/4.5.2/../../../../pic32mx/lib/size/libmchp_peripheral_32MX150F128B.a(osc_config_lib.o)
 .debug_abbrev  0x000009d0       0x25 /opt/microchip/xc32/v1.32/bin/bin/../../lib/gcc/pic32mx/4.5.2/../../../../pic32mx/lib/size/libmchp_peripheral_32MX150F128B.a(int_disable_interrupts_lib.o)
 .debug_abbrev  0x000009f5       0x25 /opt/microchip/xc32/v1.32/bin/bin/../../lib/gcc/pic32mx/4.5.2/../../../../pic32mx/lib/size/libmchp_peripheral_32MX150F128B.a(int_restore_interrupts_lib.o)
 .debug_abbrev  0x00000a1a       0x25 /opt/microchip/xc32/v1.32/bin/bin/../../lib/gcc/pic32mx/4.5.2/../../../../pic32mx/lib/size/libmchp_peripheral_32MX150F128B.a(int_enable_mv_int_lib.o)
 .debug_abbrev  0x00000a3f       0x25 /opt/microchip/xc32/v1.32/bin/bin/../../lib/gcc/pic32mx/4.5.2/../../../../pic32mx/lib/size/libmchp_peripheral_32MX150F128B.a(spi_getc_spi2_lib_legacy.o)
 .debug_abbrev  0x00000a64       0x25 /opt/microchip/xc32/v1.32/bin/bin/../../lib/gcc/pic32mx/4.5.2/../../../../pic32mx/lib/size/libmchp_peripheral_32MX150F128B.a(spi_open_spi2_lib_legacy.o)
 .debug_abbrev  0x00000a89        0x1 /opt/microchip/xc32/v1.32/bin/bin/../../lib/gcc/pic32mx/4.5.2/../../../../pic32mx/lib/size/libmchp_peripheral_32MX150F128B.a(spi_brg_tbl_lib_legacy.o)
 .debug_abbrev  0x00000a8a       0x25 /opt/microchip/xc32/v1.32/bin/bin/../../lib/gcc/pic32mx/4.5.2/../../../../pic32mx/lib/size/libmchp_peripheral_32MX150F128B.a(dma_chn_clr_ev_flags_lib.o)
 .debug_abbrev  0x00000aaf       0x34 /opt/microchip/xc32/v1.32/bin/bin/../../lib/gcc/pic32mx/4.5.2/../../../../pic32mx/lib/size/libmchp_peripheral_32MX150F128B.a(dma_chn_open_lib.o)
 .debug_abbrev  0x00000ae3       0x25 /opt/microchip/xc32/v1.32/bin/bin/../../lib/gcc/pic32mx/4.5.2/../../../../pic32mx/lib/size/libmchp_peripheral_32MX150F128B.a(dma_chn_enable_lib.o)
 .debug_abbrev  0x00000b08       0x25 /opt/microchip/xc32/v1.32/bin/bin/../../lib/gcc/pic32mx/4.5.2/../../../../pic32mx/lib/size/libmchp_peripheral_32MX150F128B.a(dma_chn_get_ev_flags_lib.o)
 .debug_abbrev  0x00000b2d       0x25 /opt/microchip/xc32/v1.32/bin/bin/../../lib/gcc/pic32mx/4.5.2/../../../../pic32mx/lib/size/libmchp_peripheral_32MX150F128B.a(dma_chn_write_event_control_flags_lib.o)
 .debug_abbrev  0x00000b52       0x34 /opt/microchip/xc32/v1.32/bin/bin/../../lib/gcc/pic32mx/4.5.2/../../../../pic32mx/lib/size/libmchp_peripheral_32MX150F128B.a(dma_chn_set_txfer_lib.o)
 .debug_abbrev  0x00000b86       0x34 /opt/microchip/xc32/v1.32/bin/bin/../../lib/gcc/pic32mx/4.5.2/../../../../pic32mx/lib/size/libmchp_peripheral_32MX150F128B.a(dma_chn_start_txfer_lib.o)
 .debug_abbrev  0x00000bba        0x1 /opt/microchip/xc32/v1.32/bin/bin/../../lib/gcc/pic32mx/4.5.2/../../../../pic32mx/lib/size/libmchp_peripheral_32MX150F128B.a(dma_reg_map_tbl_lib.o)
 .debug_abbrev  0x00000bbb       0x25 /opt/microchip/xc32/v1.32/bin/bin/../../lib/gcc/pic32mx/4.5.2/../../../../pic32mx/lib/size/libmchp_peripheral_32MX150F128B.a(int_enable_interrupts_lib.o)
 .debug_abbrev  0x00000be0       0x25 /opt/microchip/xc32/v1.32/bin/bin/../../lib/gcc/pic32mx/4.5.2/../../../../pic32mx/lib/size/libmchp_peripheral_32MX150F128B.a(int_tbl_lib.o)
 .debug_abbrev  0x00000c05       0x23 /opt/microchip/xc32/v1.32/bin/bin/../../lib/gcc/pic32mx/4.5.2/../../../../pic32mx/lib/size/libpic32.a(default-bootstrap-exception-handler.o)
 .debug_abbrev  0x00000c28       0x23 /opt/microchip/xc32/v1.32/bin/bin/../../lib/gcc/pic32mx/4.5.2/../../../../pic32mx/lib/size/libpic32.a(default-on-reset.o)
 .debug_abbrev  0x00000c4b       0x23 /opt/microchip/xc32/v1.32/bin/bin/../../lib/gcc/pic32mx/4.5.2/../../../../pic32mx/lib/size/libpic32.a(default-on-bootstrap.o)
 .debug_abbrev  0x00000c6e       0x23 /opt/microchip/xc32/v1.32/bin/bin/../../lib/gcc/pic32mx/4.5.2/../../../../pic32mx/lib/size/libpic32.a(default-general-exception-handler.o)
 .debug_abbrev  0x00000c91       0x23 /opt/microchip/xc32/v1.32/bin/bin/../../lib/gcc/pic32mx/4.5.2/../../../../pic32mx/lib/size/libpic32.a(defaultinterrupt.o)

.debug_line     0x00000000     0x1d8b
 *(.debug_line)
 .debug_line    0x00000000      0x201 build/default/production/newmain.o
 .debug_line    0x00000201      0x4f7 build/default/production/ff.o
 .debug_line    0x000006f8      0x321 build/default/production/mmc_xmega.o
 .debug_line    0x00000a19      0x957 build/default/production/composite32-high4.o
 .debug_line    0x00001370       0xb9 /opt/microchip/xc32/v1.32/bin/bin/../../lib/gcc/pic32mx/4.5.2/../../../../pic32mx/lib/size/libmchp_peripheral_32MX150F128B.a(osc_config_lib.o)
 .debug_line    0x00001429       0x73 /opt/microchip/xc32/v1.32/bin/bin/../../lib/gcc/pic32mx/4.5.2/../../../../pic32mx/lib/size/libmchp_peripheral_32MX150F128B.a(int_disable_interrupts_lib.o)
 .debug_line    0x0000149c       0x73 /opt/microchip/xc32/v1.32/bin/bin/../../lib/gcc/pic32mx/4.5.2/../../../../pic32mx/lib/size/libmchp_peripheral_32MX150F128B.a(int_restore_interrupts_lib.o)
 .debug_line    0x0000150f       0x6e /opt/microchip/xc32/v1.32/bin/bin/../../lib/gcc/pic32mx/4.5.2/../../../../pic32mx/lib/size/libmchp_peripheral_32MX150F128B.a(int_enable_mv_int_lib.o)
 .debug_line    0x0000157d       0x71 /opt/microchip/xc32/v1.32/bin/bin/../../lib/gcc/pic32mx/4.5.2/../../../../pic32mx/lib/size/libmchp_peripheral_32MX150F128B.a(spi_getc_spi2_lib_legacy.o)
 .debug_line    0x000015ee       0x71 /opt/microchip/xc32/v1.32/bin/bin/../../lib/gcc/pic32mx/4.5.2/../../../../pic32mx/lib/size/libmchp_peripheral_32MX150F128B.a(spi_open_spi2_lib_legacy.o)
 .debug_line    0x0000165f        0x0 /opt/microchip/xc32/v1.32/bin/bin/../../lib/gcc/pic32mx/4.5.2/../../../../pic32mx/lib/size/libmchp_peripheral_32MX150F128B.a(spi_brg_tbl_lib_legacy.o)
 .debug_line    0x0000165f       0x71 /opt/microchip/xc32/v1.32/bin/bin/../../lib/gcc/pic32mx/4.5.2/../../../../pic32mx/lib/size/libmchp_peripheral_32MX150F128B.a(dma_chn_clr_ev_flags_lib.o)
 .debug_line    0x000016d0       0x7b /opt/microchip/xc32/v1.32/bin/bin/../../lib/gcc/pic32mx/4.5.2/../../../../pic32mx/lib/size/libmchp_peripheral_32MX150F128B.a(dma_chn_open_lib.o)
 .debug_line    0x0000174b       0x6b /opt/microchip/xc32/v1.32/bin/bin/../../lib/gcc/pic32mx/4.5.2/../../../../pic32mx/lib/size/libmchp_peripheral_32MX150F128B.a(dma_chn_enable_lib.o)
 .debug_line    0x000017b6       0x71 /opt/microchip/xc32/v1.32/bin/bin/../../lib/gcc/pic32mx/4.5.2/../../../../pic32mx/lib/size/libmchp_peripheral_32MX150F128B.a(dma_chn_get_ev_flags_lib.o)
 .debug_line    0x00001827       0x7e /opt/microchip/xc32/v1.32/bin/bin/../../lib/gcc/pic32mx/4.5.2/../../../../pic32mx/lib/size/libmchp_peripheral_32MX150F128B.a(dma_chn_write_event_control_flags_lib.o)
 .debug_line    0x000018a5       0x80 /opt/microchip/xc32/v1.32/bin/bin/../../lib/gcc/pic32mx/4.5.2/../../../../pic32mx/lib/size/libmchp_peripheral_32MX150F128B.a(dma_chn_set_txfer_lib.o)
 .debug_line    0x00001925       0xc2 /opt/microchip/xc32/v1.32/bin/bin/../../lib/gcc/pic32mx/4.5.2/../../../../pic32mx/lib/size/libmchp_peripheral_32MX150F128B.a(dma_chn_start_txfer_lib.o)
 .debug_line    0x000019e7        0x0 /opt/microchip/xc32/v1.32/bin/bin/../../lib/gcc/pic32mx/4.5.2/../../../../pic32mx/lib/size/libmchp_peripheral_32MX150F128B.a(dma_reg_map_tbl_lib.o)
 .debug_line    0x000019e7       0x72 /opt/microchip/xc32/v1.32/bin/bin/../../lib/gcc/pic32mx/4.5.2/../../../../pic32mx/lib/size/libmchp_peripheral_32MX150F128B.a(int_enable_interrupts_lib.o)
 .debug_line    0x00001a59       0x64 /opt/microchip/xc32/v1.32/bin/bin/../../lib/gcc/pic32mx/4.5.2/../../../../pic32mx/lib/size/libmchp_peripheral_32MX150F128B.a(int_tbl_lib.o)
 .debug_line    0x00001abd       0x97 /opt/microchip/xc32/v1.32/bin/bin/../../lib/gcc/pic32mx/4.5.2/../../../../pic32mx/lib/size/libpic32.a(default-bootstrap-exception-handler.o)
 .debug_line    0x00001b54       0x84 /opt/microchip/xc32/v1.32/bin/bin/../../lib/gcc/pic32mx/4.5.2/../../../../pic32mx/lib/size/libpic32.a(default-on-reset.o)
 .debug_line    0x00001bd8       0x88 /opt/microchip/xc32/v1.32/bin/bin/../../lib/gcc/pic32mx/4.5.2/../../../../pic32mx/lib/size/libpic32.a(default-on-bootstrap.o)
 .debug_line    0x00001c60       0x95 /opt/microchip/xc32/v1.32/bin/bin/../../lib/gcc/pic32mx/4.5.2/../../../../pic32mx/lib/size/libpic32.a(default-general-exception-handler.o)
 .debug_line    0x00001cf5       0x96 /opt/microchip/xc32/v1.32/bin/bin/../../lib/gcc/pic32mx/4.5.2/../../../../pic32mx/lib/size/libpic32.a(defaultinterrupt.o)

.debug_frame    0x00000000      0xc80
 *(.debug_frame)
 .debug_frame   0x00000000       0x64 build/default/production/newmain.o
 .debug_frame   0x00000064      0x394 build/default/production/ff.o
 .debug_frame   0x000003f8      0x158 build/default/production/mmc_xmega.o
 .debug_frame   0x00000550      0x3f4 build/default/production/composite32-high4.o
 .debug_frame   0x00000944       0x30 /opt/microchip/xc32/v1.32/bin/bin/../../lib/gcc/pic32mx/4.5.2/../../../../pic32mx/lib/size/libmchp_peripheral_32MX150F128B.a(osc_config_lib.o)
 .debug_frame   0x00000974       0x20 /opt/microchip/xc32/v1.32/bin/bin/../../lib/gcc/pic32mx/4.5.2/../../../../pic32mx/lib/size/libmchp_peripheral_32MX150F128B.a(int_disable_interrupts_lib.o)
 .debug_frame   0x00000994       0x20 /opt/microchip/xc32/v1.32/bin/bin/../../lib/gcc/pic32mx/4.5.2/../../../../pic32mx/lib/size/libmchp_peripheral_32MX150F128B.a(int_restore_interrupts_lib.o)
 .debug_frame   0x000009b4       0x28 /opt/microchip/xc32/v1.32/bin/bin/../../lib/gcc/pic32mx/4.5.2/../../../../pic32mx/lib/size/libmchp_peripheral_32MX150F128B.a(int_enable_mv_int_lib.o)
 .debug_frame   0x000009dc       0x20 /opt/microchip/xc32/v1.32/bin/bin/../../lib/gcc/pic32mx/4.5.2/../../../../pic32mx/lib/size/libmchp_peripheral_32MX150F128B.a(spi_getc_spi2_lib_legacy.o)
 .debug_frame   0x000009fc       0x20 /opt/microchip/xc32/v1.32/bin/bin/../../lib/gcc/pic32mx/4.5.2/../../../../pic32mx/lib/size/libmchp_peripheral_32MX150F128B.a(spi_open_spi2_lib_legacy.o)
 .debug_frame   0x00000a1c       0x20 /opt/microchip/xc32/v1.32/bin/bin/../../lib/gcc/pic32mx/4.5.2/../../../../pic32mx/lib/size/libmchp_peripheral_32MX150F128B.a(dma_chn_clr_ev_flags_lib.o)
 .debug_frame   0x00000a3c       0x34 /opt/microchip/xc32/v1.32/bin/bin/../../lib/gcc/pic32mx/4.5.2/../../../../pic32mx/lib/size/libmchp_peripheral_32MX150F128B.a(dma_chn_open_lib.o)
 .debug_frame   0x00000a70       0x20 /opt/microchip/xc32/v1.32/bin/bin/../../lib/gcc/pic32mx/4.5.2/../../../../pic32mx/lib/size/libmchp_peripheral_32MX150F128B.a(dma_chn_enable_lib.o)
 .debug_frame   0x00000a90       0x20 /opt/microchip/xc32/v1.32/bin/bin/../../lib/gcc/pic32mx/4.5.2/../../../../pic32mx/lib/size/libmchp_peripheral_32MX150F128B.a(dma_chn_get_ev_flags_lib.o)
 .debug_frame   0x00000ab0       0x20 /opt/microchip/xc32/v1.32/bin/bin/../../lib/gcc/pic32mx/4.5.2/../../../../pic32mx/lib/size/libmchp_peripheral_32MX150F128B.a(dma_chn_write_event_control_flags_lib.o)
 .debug_frame   0x00000ad0       0x20 /opt/microchip/xc32/v1.32/bin/bin/../../lib/gcc/pic32mx/4.5.2/../../../../pic32mx/lib/size/libmchp_peripheral_32MX150F128B.a(dma_chn_set_txfer_lib.o)
 .debug_frame   0x00000af0       0x20 /opt/microchip/xc32/v1.32/bin/bin/../../lib/gcc/pic32mx/4.5.2/../../../../pic32mx/lib/size/libmchp_peripheral_32MX150F128B.a(dma_chn_start_txfer_lib.o)
 .debug_frame   0x00000b10       0x20 /opt/microchip/xc32/v1.32/bin/bin/../../lib/gcc/pic32mx/4.5.2/../../../../pic32mx/lib/size/libmchp_peripheral_32MX150F128B.a(int_enable_interrupts_lib.o)
 .debug_frame   0x00000b30       0xa0 /opt/microchip/xc32/v1.32/bin/bin/../../lib/gcc/pic32mx/4.5.2/../../../../pic32mx/lib/size/libmchp_peripheral_32MX150F128B.a(int_tbl_lib.o)
 .debug_frame   0x00000bd0       0x28 /opt/microchip/xc32/v1.32/bin/bin/../../lib/gcc/pic32mx/4.5.2/../../../../pic32mx/lib/size/libpic32.a(default-bootstrap-exception-handler.o)
 .debug_frame   0x00000bf8       0x20 /opt/microchip/xc32/v1.32/bin/bin/../../lib/gcc/pic32mx/4.5.2/../../../../pic32mx/lib/size/libpic32.a(default-on-reset.o)
 .debug_frame   0x00000c18       0x20 /opt/microchip/xc32/v1.32/bin/bin/../../lib/gcc/pic32mx/4.5.2/../../../../pic32mx/lib/size/libpic32.a(default-on-bootstrap.o)
 .debug_frame   0x00000c38       0x28 /opt/microchip/xc32/v1.32/bin/bin/../../lib/gcc/pic32mx/4.5.2/../../../../pic32mx/lib/size/libpic32.a(default-general-exception-handler.o)
 .debug_frame   0x00000c60       0x20 /opt/microchip/xc32/v1.32/bin/bin/../../lib/gcc/pic32mx/4.5.2/../../../../pic32mx/lib/size/libpic32.a(defaultinterrupt.o)

.debug_str      0x00000000      0x3de
 *(.debug_str)
 .debug_str     0x00000000      0x126 build/default/production/newmain.o
 .debug_str     0x00000126        0xa build/default/production/ff.o
 .debug_str     0x00000130      0x11f build/default/production/mmc_xmega.o
 .debug_str     0x0000024f      0x18f build/default/production/composite32-high4.o
 .debug_str     0x000003de        0x0 /opt/microchip/xc32/v1.32/bin/bin/../../lib/gcc/pic32mx/4.5.2/../../../../pic32mx/lib/size/libmchp_peripheral_32MX150F128B.a(osc_config_lib.o)
 .debug_str     0x000003de        0x0 /opt/microchip/xc32/v1.32/bin/bin/../../lib/gcc/pic32mx/4.5.2/../../../../pic32mx/lib/size/libmchp_peripheral_32MX150F128B.a(int_disable_interrupts_lib.o)
 .debug_str     0x000003de        0x0 /opt/microchip/xc32/v1.32/bin/bin/../../lib/gcc/pic32mx/4.5.2/../../../../pic32mx/lib/size/libmchp_peripheral_32MX150F128B.a(int_restore_interrupts_lib.o)
 .debug_str     0x000003de        0x0 /opt/microchip/xc32/v1.32/bin/bin/../../lib/gcc/pic32mx/4.5.2/../../../../pic32mx/lib/size/libmchp_peripheral_32MX150F128B.a(int_enable_mv_int_lib.o)
 .debug_str     0x000003de        0x0 /opt/microchip/xc32/v1.32/bin/bin/../../lib/gcc/pic32mx/4.5.2/../../../../pic32mx/lib/size/libmchp_peripheral_32MX150F128B.a(spi_getc_spi2_lib_legacy.o)
 .debug_str     0x000003de        0x0 /opt/microchip/xc32/v1.32/bin/bin/../../lib/gcc/pic32mx/4.5.2/../../../../pic32mx/lib/size/libmchp_peripheral_32MX150F128B.a(spi_open_spi2_lib_legacy.o)
 .debug_str     0x000003de        0x0 /opt/microchip/xc32/v1.32/bin/bin/../../lib/gcc/pic32mx/4.5.2/../../../../pic32mx/lib/size/libmchp_peripheral_32MX150F128B.a(spi_brg_tbl_lib_legacy.o)
 .debug_str     0x000003de        0x0 /opt/microchip/xc32/v1.32/bin/bin/../../lib/gcc/pic32mx/4.5.2/../../../../pic32mx/lib/size/libmchp_peripheral_32MX150F128B.a(dma_chn_clr_ev_flags_lib.o)
 .debug_str     0x000003de        0x0 /opt/microchip/xc32/v1.32/bin/bin/../../lib/gcc/pic32mx/4.5.2/../../../../pic32mx/lib/size/libmchp_peripheral_32MX150F128B.a(dma_chn_open_lib.o)
 .debug_str     0x000003de        0x0 /opt/microchip/xc32/v1.32/bin/bin/../../lib/gcc/pic32mx/4.5.2/../../../../pic32mx/lib/size/libmchp_peripheral_32MX150F128B.a(dma_chn_enable_lib.o)
 .debug_str     0x000003de        0x0 /opt/microchip/xc32/v1.32/bin/bin/../../lib/gcc/pic32mx/4.5.2/../../../../pic32mx/lib/size/libmchp_peripheral_32MX150F128B.a(dma_chn_get_ev_flags_lib.o)
 .debug_str     0x000003de        0x0 /opt/microchip/xc32/v1.32/bin/bin/../../lib/gcc/pic32mx/4.5.2/../../../../pic32mx/lib/size/libmchp_peripheral_32MX150F128B.a(dma_chn_write_event_control_flags_lib.o)
 .debug_str     0x000003de        0x0 /opt/microchip/xc32/v1.32/bin/bin/../../lib/gcc/pic32mx/4.5.2/../../../../pic32mx/lib/size/libmchp_peripheral_32MX150F128B.a(dma_chn_set_txfer_lib.o)
 .debug_str     0x000003de        0x0 /opt/microchip/xc32/v1.32/bin/bin/../../lib/gcc/pic32mx/4.5.2/../../../../pic32mx/lib/size/libmchp_peripheral_32MX150F128B.a(dma_chn_start_txfer_lib.o)
 .debug_str     0x000003de        0x0 /opt/microchip/xc32/v1.32/bin/bin/../../lib/gcc/pic32mx/4.5.2/../../../../pic32mx/lib/size/libmchp_peripheral_32MX150F128B.a(dma_reg_map_tbl_lib.o)
 .debug_str     0x000003de        0x0 /opt/microchip/xc32/v1.32/bin/bin/../../lib/gcc/pic32mx/4.5.2/../../../../pic32mx/lib/size/libmchp_peripheral_32MX150F128B.a(int_enable_interrupts_lib.o)
 .debug_str     0x000003de        0x0 /opt/microchip/xc32/v1.32/bin/bin/../../lib/gcc/pic32mx/4.5.2/../../../../pic32mx/lib/size/libmchp_peripheral_32MX150F128B.a(int_tbl_lib.o)
 .debug_str     0x000003de        0x0 /opt/microchip/xc32/v1.32/bin/bin/../../lib/gcc/pic32mx/4.5.2/../../../../pic32mx/lib/size/libpic32.a(default-bootstrap-exception-handler.o)
 .debug_str     0x000003de        0x0 /opt/microchip/xc32/v1.32/bin/bin/../../lib/gcc/pic32mx/4.5.2/../../../../pic32mx/lib/size/libpic32.a(default-on-reset.o)
 .debug_str     0x000003de        0x0 /opt/microchip/xc32/v1.32/bin/bin/../../lib/gcc/pic32mx/4.5.2/../../../../pic32mx/lib/size/libpic32.a(default-on-bootstrap.o)
 .debug_str     0x000003de        0x0 /opt/microchip/xc32/v1.32/bin/bin/../../lib/gcc/pic32mx/4.5.2/../../../../pic32mx/lib/size/libpic32.a(default-general-exception-handler.o)
 .debug_str     0x000003de        0x0 /opt/microchip/xc32/v1.32/bin/bin/../../lib/gcc/pic32mx/4.5.2/../../../../pic32mx/lib/size/libpic32.a(defaultinterrupt.o)

.debug_loc      0x00000000     0x2f25
 *(.debug_loc)
 .debug_loc     0x00000000       0x4c build/default/production/newmain.o
 .debug_loc     0x0000004c     0x1a9b build/default/production/ff.o
 .debug_loc     0x00001ae7      0x3fd build/default/production/mmc_xmega.o
 .debug_loc     0x00001ee4     0x1041 build/default/production/composite32-high4.o

.debug_macinfo
 *(.debug_macinfo)

.debug_weaknames
 *(.debug_weaknames)

.debug_funcnames
 *(.debug_funcnames)

.debug_typenames
 *(.debug_typenames)

.debug_varnames
 *(.debug_varnames)

.debug_pubtypes
                0x00000000      0x3f9
 *(.debug_pubtypes)
 .debug_pubtypes
                0x00000000      0x113 build/default/production/newmain.o
 .debug_pubtypes
                0x00000113       0x89 build/default/production/ff.o
 .debug_pubtypes
                0x0000019c      0x14b build/default/production/mmc_xmega.o
 .debug_pubtypes
                0x000002e7      0x112 build/default/production/composite32-high4.o

.debug_ranges   0x00000000      0x130
 *(.debug_ranges)
 .debug_ranges  0x00000000       0x10 /opt/microchip/xc32/v1.32/bin/bin/../../lib/gcc/pic32mx/4.5.2/../../../../pic32mx/lib/size/libmchp_peripheral_32MX150F128B.a(osc_config_lib.o)
 .debug_ranges  0x00000010       0x10 /opt/microchip/xc32/v1.32/bin/bin/../../lib/gcc/pic32mx/4.5.2/../../../../pic32mx/lib/size/libmchp_peripheral_32MX150F128B.a(int_disable_interrupts_lib.o)
 .debug_ranges  0x00000020       0x10 /opt/microchip/xc32/v1.32/bin/bin/../../lib/gcc/pic32mx/4.5.2/../../../../pic32mx/lib/size/libmchp_peripheral_32MX150F128B.a(int_restore_interrupts_lib.o)
 .debug_ranges  0x00000030       0x10 /opt/microchip/xc32/v1.32/bin/bin/../../lib/gcc/pic32mx/4.5.2/../../../../pic32mx/lib/size/libmchp_peripheral_32MX150F128B.a(int_enable_mv_int_lib.o)
 .debug_ranges  0x00000040       0x10 /opt/microchip/xc32/v1.32/bin/bin/../../lib/gcc/pic32mx/4.5.2/../../../../pic32mx/lib/size/libmchp_peripheral_32MX150F128B.a(spi_getc_spi2_lib_legacy.o)
 .debug_ranges  0x00000050       0x10 /opt/microchip/xc32/v1.32/bin/bin/../../lib/gcc/pic32mx/4.5.2/../../../../pic32mx/lib/size/libmchp_peripheral_32MX150F128B.a(spi_open_spi2_lib_legacy.o)
 .debug_ranges  0x00000060       0x10 /opt/microchip/xc32/v1.32/bin/bin/../../lib/gcc/pic32mx/4.5.2/../../../../pic32mx/lib/size/libmchp_peripheral_32MX150F128B.a(dma_chn_clr_ev_flags_lib.o)
 .debug_ranges  0x00000070       0x10 /opt/microchip/xc32/v1.32/bin/bin/../../lib/gcc/pic32mx/4.5.2/../../../../pic32mx/lib/size/libmchp_peripheral_32MX150F128B.a(dma_chn_open_lib.o)
 .debug_ranges  0x00000080       0x10 /opt/microchip/xc32/v1.32/bin/bin/../../lib/gcc/pic32mx/4.5.2/../../../../pic32mx/lib/size/libmchp_peripheral_32MX150F128B.a(dma_chn_enable_lib.o)
 .debug_ranges  0x00000090       0x10 /opt/microchip/xc32/v1.32/bin/bin/../../lib/gcc/pic32mx/4.5.2/../../../../pic32mx/lib/size/libmchp_peripheral_32MX150F128B.a(dma_chn_get_ev_flags_lib.o)
 .debug_ranges  0x000000a0       0x10 /opt/microchip/xc32/v1.32/bin/bin/../../lib/gcc/pic32mx/4.5.2/../../../../pic32mx/lib/size/libmchp_peripheral_32MX150F128B.a(dma_chn_write_event_control_flags_lib.o)
 .debug_ranges  0x000000b0       0x10 /opt/microchip/xc32/v1.32/bin/bin/../../lib/gcc/pic32mx/4.5.2/../../../../pic32mx/lib/size/libmchp_peripheral_32MX150F128B.a(dma_chn_set_txfer_lib.o)
 .debug_ranges  0x000000c0       0x10 /opt/microchip/xc32/v1.32/bin/bin/../../lib/gcc/pic32mx/4.5.2/../../../../pic32mx/lib/size/libmchp_peripheral_32MX150F128B.a(dma_chn_start_txfer_lib.o)
 .debug_ranges  0x000000d0       0x10 /opt/microchip/xc32/v1.32/bin/bin/../../lib/gcc/pic32mx/4.5.2/../../../../pic32mx/lib/size/libmchp_peripheral_32MX150F128B.a(int_enable_interrupts_lib.o)
 .debug_ranges  0x000000e0       0x50 /opt/microchip/xc32/v1.32/bin/bin/../../lib/gcc/pic32mx/4.5.2/../../../../pic32mx/lib/size/libmchp_peripheral_32MX150F128B.a(int_tbl_lib.o)

.gnu.attributes
                0x00000000       0x10
 *(.gnu.attributes)
 .gnu.attributes
                0x00000000       0x10 build/default/production/newmain.o
 .gnu.attributes
                0x00000010       0x10 build/default/production/ff.o
 .gnu.attributes
                0x00000020       0x10 build/default/production/mmc_xmega.o
 .gnu.attributes
                0x00000030       0x10 build/default/production/composite32-high4.o
 .gnu.attributes
                0x00000040       0x10 /opt/microchip/xc32/v1.32/bin/bin/../../lib/gcc/pic32mx/4.5.2/../../../../pic32mx/lib/size/libmchp_peripheral_32MX150F128B.a(osc_config_lib.o)
 .gnu.attributes
                0x00000050       0x10 /opt/microchip/xc32/v1.32/bin/bin/../../lib/gcc/pic32mx/4.5.2/../../../../pic32mx/lib/size/libmchp_peripheral_32MX150F128B.a(int_disable_interrupts_lib.o)
 .gnu.attributes
                0x00000060       0x10 /opt/microchip/xc32/v1.32/bin/bin/../../lib/gcc/pic32mx/4.5.2/../../../../pic32mx/lib/size/libmchp_peripheral_32MX150F128B.a(int_restore_interrupts_lib.o)
 .gnu.attributes
                0x00000070       0x10 /opt/microchip/xc32/v1.32/bin/bin/../../lib/gcc/pic32mx/4.5.2/../../../../pic32mx/lib/size/libmchp_peripheral_32MX150F128B.a(int_enable_mv_int_lib.o)
 .gnu.attributes
                0x00000080       0x10 /opt/microchip/xc32/v1.32/bin/bin/../../lib/gcc/pic32mx/4.5.2/../../../../pic32mx/lib/size/libmchp_peripheral_32MX150F128B.a(spi_getc_spi2_lib_legacy.o)
 .gnu.attributes
                0x00000090       0x10 /opt/microchip/xc32/v1.32/bin/bin/../../lib/gcc/pic32mx/4.5.2/../../../../pic32mx/lib/size/libmchp_peripheral_32MX150F128B.a(spi_open_spi2_lib_legacy.o)
 .gnu.attributes
                0x000000a0       0x10 /opt/microchip/xc32/v1.32/bin/bin/../../lib/gcc/pic32mx/4.5.2/../../../../pic32mx/lib/size/libmchp_peripheral_32MX150F128B.a(spi_brg_tbl_lib_legacy.o)
 .gnu.attributes
                0x000000b0       0x10 /opt/microchip/xc32/v1.32/bin/bin/../../lib/gcc/pic32mx/4.5.2/../../../../pic32mx/lib/size/libmchp_peripheral_32MX150F128B.a(dma_chn_clr_ev_flags_lib.o)
 .gnu.attributes
                0x000000c0       0x10 /opt/microchip/xc32/v1.32/bin/bin/../../lib/gcc/pic32mx/4.5.2/../../../../pic32mx/lib/size/libmchp_peripheral_32MX150F128B.a(dma_chn_open_lib.o)
 .gnu.attributes
                0x000000d0       0x10 /opt/microchip/xc32/v1.32/bin/bin/../../lib/gcc/pic32mx/4.5.2/../../../../pic32mx/lib/size/libmchp_peripheral_32MX150F128B.a(dma_chn_enable_lib.o)
 .gnu.attributes
                0x000000e0       0x10 /opt/microchip/xc32/v1.32/bin/bin/../../lib/gcc/pic32mx/4.5.2/../../../../pic32mx/lib/size/libmchp_peripheral_32MX150F128B.a(dma_chn_get_ev_flags_lib.o)
 .gnu.attributes
                0x000000f0       0x10 /opt/microchip/xc32/v1.32/bin/bin/../../lib/gcc/pic32mx/4.5.2/../../../../pic32mx/lib/size/libmchp_peripheral_32MX150F128B.a(dma_chn_write_event_control_flags_lib.o)
 .gnu.attributes
                0x00000100       0x10 /opt/microchip/xc32/v1.32/bin/bin/../../lib/gcc/pic32mx/4.5.2/../../../../pic32mx/lib/size/libmchp_peripheral_32MX150F128B.a(dma_chn_set_txfer_lib.o)
 .gnu.attributes
                0x00000110       0x10 /opt/microchip/xc32/v1.32/bin/bin/../../lib/gcc/pic32mx/4.5.2/../../../../pic32mx/lib/size/libmchp_peripheral_32MX150F128B.a(dma_chn_start_txfer_lib.o)
 .gnu.attributes
                0x00000120       0x10 /opt/microchip/xc32/v1.32/bin/bin/../../lib/gcc/pic32mx/4.5.2/../../../../pic32mx/lib/size/libmchp_peripheral_32MX150F128B.a(dma_reg_map_tbl_lib.o)
 .gnu.attributes
                0x00000130       0x10 /opt/microchip/xc32/v1.32/bin/bin/../../lib/gcc/pic32mx/4.5.2/../../../../pic32mx/lib/size/libmchp_peripheral_32MX150F128B.a(int_enable_interrupts_lib.o)
 .gnu.attributes
                0x00000140       0x10 /opt/microchip/xc32/v1.32/bin/bin/../../lib/gcc/pic32mx/4.5.2/../../../../pic32mx/lib/size/libmchp_peripheral_32MX150F128B.a(int_tbl_lib.o)
 .gnu.attributes
                0x00000150       0x10 /opt/microchip/xc32/v1.32/bin/bin/../../lib/gcc/pic32mx/4.5.2/../../../../pic32mx/lib/size/libpic32.a(default-bootstrap-exception-handler.o)
 .gnu.attributes
                0x00000160       0x10 /opt/microchip/xc32/v1.32/bin/bin/../../lib/gcc/pic32mx/4.5.2/../../../../pic32mx/lib/size/libpic32.a(default-on-reset.o)
 .gnu.attributes
                0x00000170       0x10 /opt/microchip/xc32/v1.32/bin/bin/../../lib/gcc/pic32mx/4.5.2/../../../../pic32mx/lib/size/libpic32.a(default-on-bootstrap.o)
 .gnu.attributes
                0x00000180       0x10 /opt/microchip/xc32/v1.32/bin/bin/../../lib/gcc/pic32mx/4.5.2/../../../../pic32mx/lib/size/libpic32.a(default-general-exception-handler.o)
 .gnu.attributes
                0x00000190       0x10 /opt/microchip/xc32/v1.32/bin/bin/../../lib/gcc/pic32mx/4.5.2/../../../../pic32mx/lib/size/libpic32.a(defaultinterrupt.o)
LOAD /opt/microchip/xc32/v1.32/bin/bin/../../lib/gcc/pic32mx/4.5.2/../../../../pic32mx/lib/./proc/32MX270F256B/default_isr_vectors.o
LOAD /opt/microchip/xc32/v1.32/bin/bin/../../lib/gcc/pic32mx/4.5.2/../../../../pic32mx/lib/size/pic32_software_reset.o
LOAD /opt/microchip/xc32/v1.32/bin/bin/../../lib/gcc/pic32mx/4.5.2/size/libgcc.a
START GROUP
LOAD /opt/microchip/xc32/v1.32/bin/bin/../../lib/gcc/pic32mx/4.5.2/../../../../pic32mx/lib/size/libpic32.a
LOAD /opt/microchip/xc32/v1.32/bin/bin/../../lib/gcc/pic32mx/4.5.2/../../../../pic32mx/lib/size/libdebug.a
LOAD /opt/microchip/xc32/v1.32/bin/bin/../../lib/gcc/pic32mx/4.5.2/../../../../pic32mx/lib/size/libpic32.a
LOAD /opt/microchip/xc32/v1.32/bin/bin/../../lib/gcc/pic32mx/4.5.2/../../../../pic32mx/lib/size/libm.a
LOAD /opt/microchip/xc32/v1.32/bin/bin/../../lib/gcc/pic32mx/4.5.2/../../../../pic32mx/lib/size/libe.a
LOAD /opt/microchip/xc32/v1.32/bin/bin/../../lib/gcc/pic32mx/4.5.2/../../../../pic32mx/lib/size/libdsp.a
LOAD /opt/microchip/xc32/v1.32/bin/bin/../../lib/gcc/pic32mx/4.5.2/size/libgcc.a
LOAD /opt/microchip/xc32/v1.32/bin/bin/../../lib/gcc/pic32mx/4.5.2/../../../../pic32mx/lib/size/libc.a
LOAD /opt/microchip/xc32/v1.32/bin/bin/../../lib/gcc/pic32mx/4.5.2/../../../../pic32mx/lib/size/libpic32.a
END GROUP
LOAD /opt/microchip/xc32/v1.32/bin/bin/../../lib/gcc/pic32mx/4.5.2/size/libgcc.a
OUTPUT(dist/default/production/Videotest.X.production.elf elf32-tradlittlemips)
LOAD stack
LOAD data_init

.reginfo        0x00000000       0x18
 .reginfo       0x00000000       0x18 /opt/microchip/xc32/v1.32/bin/bin/../../lib/gcc/pic32mx/4.5.2/../../../../pic32mx/lib/./proc/32MX270F256B/crt0_mips32r2.o

.stack          0xa000fa38      0x400
 .stack         0xa000fa38      0x400 stack

.bss            0xa000f008      0x800
 .bss           0xa000f008      0x800 build/default/production/newmain.o
                0xa000f008                sounddata

.data           0xa000f808      0x200
 .data          0xa000f808      0x200 build/default/production/mmc_xmega.o
                0xa000f808                dumydata

._debug_exception
                0xbfc00480       0x2c
 ._debug_exception
                0xbfc00480       0x2c /opt/microchip/xc32/v1.32/bin/bin/../../lib/gcc/pic32mx/4.5.2/../../../../pic32mx/lib/size/debug-exception-return.o
                0xbfc00480                __DbgExecReturn

.text           0x9d007490     0x5900
 .text          0x9d007490     0x3724 build/default/production/composite32-high4.o
                0x9d007490                vramscroll
                0x9d007574                vramscrolldown
                0x9d00764c                setcursor
                0x9d007690                setcursorcolor
                0x9d007698                printchar
                0x9d007788                printstr
                0x9d0077c4                printnum
                0x9d00785c                printnum2
                0x9d007968                startPCG
                0x9d0079e4                stopPCG
                0x9d007a10                T2Handler
                0x9d007cf8                OC3Handler
                0x9d007e1c                OC1Handler
                0x9d008014                OC2Handler
                0x9d008f6c                clearscreen
                0x9d008f98                cls
                0x9d008fb4                g_clearscreen
                0x9d008fd4                set_palette
                0x9d00915c                set_bgcolor
                0x9d0092d0                g_set_palette
                0x9d009634                start_composite
                0x9d009694                stop_composite
                0x9d0096c0                init_composite
                0x9d009858                set_width
                0x9d0098d8                set_graphmode
                0x9d00993c                init_graphic
                0x9d0099e4                g_pset
                0x9d009a70                g_putbmpmn
                0x9d009d50                g_clrbmpmn
                0x9d009f4c                g_gline
                0x9d00a0a0                g_hline
                0x9d00a1dc                g_circle
                0x9d00a334                g_boxfill
                0x9d00a404                g_circlefill
                0x9d00a510                g_putfont
                0x9d00a8f4                g_printstr
                0x9d00a974                g_printnum
                0x9d00aa50                g_printnum2
                0x9d00ab58                g_color
 .text          0x9d00abb4     0x21dc build/default/production/ff.o
                0x9d00b4d0                clust2sect
                0x9d00b500                get_fat
                0x9d00bdf8                f_mount
                0x9d00bea8                f_open
                0x9d00bfac                f_read
                0x9d00c1d0                f_close
                0x9d00c1fc                f_chdir
                0x9d00c2a4                f_getcwd
                0x9d00c4d0                f_lseek
                0x9d00c69c                f_opendir
                0x9d00c75c                f_closedir
                0x9d00c788                f_readdir
                0x9d00c83c                f_findnext
                0x9d00c8c0                f_findfirst
                0x9d00c90c                f_stat
                0x9d00c994                f_getlabel
                0x9d00cae0                f_forward
                0x9d00cce8                f_gets

.rodata         0x9d00cd90     0x1000
 .rodata        0x9d00cd90     0x1000 build/default/production/composite32-high4.o
                0x9d00cd90                FontData
                0x9d00d590                FontData2

.text           0x9d00dd90      0xf1c
 .text          0x9d00dd90      0xf1c build/default/production/mmc_xmega.o
                0x9d00dd90                rcvr_spi
                0x9d00e274                rcvr_spi_m
                0x9d00e2bc                disk_initialize
                0x9d00e568                disk_status
                0x9d00e584                disk_read
                0x9d00e670                disk_write
                0x9d00e798                disk_ioctl
                0x9d00ec68                disk_timerproc

.rodata         0x9d00ecac      0x558
 .rodata        0x9d00ecac      0x558 /opt/microchip/xc32/v1.32/bin/bin/../../lib/gcc/pic32mx/4.5.2/../../../../pic32mx/lib/size/libmchp_peripheral_32MX150F128B.a(int_tbl_lib.o)
                0x9d00ecac                __IntSrcTbl
                0x9d00eff4                __IntVectorTbl

.text           0x9d00f204      0x434
 .text          0x9d00f204      0x434 build/default/production/newmain.o
                0x9d00f204                main
                0x9d00f558                audiotask
                0x9d00f61c                musicTask

.dinit          0x9d00f638      0x280
 .dinit         0x9d00f638      0x280 data_init

.text.OSCConfig
                0x9d00f8b8      0x14c
 .text.OSCConfig
                0x9d00f8b8      0x14c /opt/microchip/xc32/v1.32/bin/bin/../../lib/gcc/pic32mx/4.5.2/../../../../pic32mx/lib/size/libmchp_peripheral_32MX150F128B.a(osc_config_lib.o)
                0x9d00f8b8                OSCConfig

.text.DmaChnStartTxfer
                0x9d00fa04      0x10c
 .text.DmaChnStartTxfer
                0x9d00fa04      0x10c /opt/microchip/xc32/v1.32/bin/bin/../../lib/gcc/pic32mx/4.5.2/../../../../pic32mx/lib/size/libmchp_peripheral_32MX150F128B.a(dma_chn_start_txfer_lib.o)
                0x9d00fa04                DmaChnStartTxfer

.text.DmaChnOpen
                0x9d00fb10       0xe4
 .text.DmaChnOpen